Archive member included to satisfy reference by file (symbol)

/home/weyoui/PROJECTS/SmartCart/Pixy/pixy/src/device/libpixy_m4/Release/liblibpixy_m4.a(blobs.o)
                              ./src/conncomp.o (Blobs::Blobs(Qqueue*, unsigned char*))
/home/weyoui/PROJECTS/SmartCart/Pixy/pixy/src/device/libpixy_m4/Release/liblibpixy_m4.a(calc.o)
                              ./src/button.o (rgbPack(unsigned long, unsigned long, unsigned long))
/home/weyoui/PROJECTS/SmartCart/Pixy/pixy/src/device/libpixy_m4/Release/liblibpixy_m4.a(camera.o)
                              ./src/button.o (cam_getAWB())
/home/weyoui/PROJECTS/SmartCart/Pixy/pixy/src/device/libpixy_m4/Release/liblibpixy_m4.a(chirp.o)
                              ./src/exec.o (Chirp::connected())
/home/weyoui/PROJECTS/SmartCart/Pixy/pixy/src/device/libpixy_m4/Release/liblibpixy_m4.a(colorlut.o)
                              ./src/conncomp.o (IterPixel::IterPixel(Frame8 const&, RectA const&))
/home/weyoui/PROJECTS/SmartCart/Pixy/pixy/src/device/libpixy_m4/Release/liblibpixy_m4.a(led.o)
                              ./src/button.o (led_setRGB(unsigned char const&, unsigned char const&, unsigned char const&))
/home/weyoui/PROJECTS/SmartCart/Pixy/pixy/src/device/libpixy_m4/Release/liblibpixy_m4.a(lpc43xx_i2c.o)
                              ./src/i2c.o (I2C_Init)
/home/weyoui/PROJECTS/SmartCart/Pixy/pixy/src/device/libpixy_m4/Release/liblibpixy_m4.a(lpc43xx_scu.o)
                              ./src/analogdig.o (scu_pinmux)
/home/weyoui/PROJECTS/SmartCart/Pixy/pixy/src/device/libpixy_m4/Release/liblibpixy_m4.a(lpc43xx_ssp.o)
                              ./src/spi.o (SSP_Init)
/home/weyoui/PROJECTS/SmartCart/Pixy/pixy/src/device/libpixy_m4/Release/liblibpixy_m4.a(lpc43xx_uart.o)
                              ./src/uart.o (UART_setBaudRate)
/home/weyoui/PROJECTS/SmartCart/Pixy/pixy/src/device/libpixy_m4/Release/liblibpixy_m4.a(misc.o)
                              ./src/analogdig.o (delayus)
/home/weyoui/PROJECTS/SmartCart/Pixy/pixy/src/device/libpixy_m4/Release/liblibpixy_m4.a(param.o)
                              ./src/exec.o (prm_resetShadows())
/home/weyoui/PROJECTS/SmartCart/Pixy/pixy/src/device/libpixy_m4/Release/liblibpixy_m4.a(pixy_init.o)
                              ./src/button.o (periodic())
/home/weyoui/PROJECTS/SmartCart/Pixy/pixy/src/device/libpixy_m4/Release/liblibpixy_m4.a(platform_config.o)
                              /home/weyoui/PROJECTS/SmartCart/Pixy/pixy/src/device/libpixy_m4/Release/liblibpixy_m4.a(param.o) (g_spifi)
/home/weyoui/PROJECTS/SmartCart/Pixy/pixy/src/device/libpixy_m4/Release/liblibpixy_m4.a(power.o)
                              /home/weyoui/PROJECTS/SmartCart/Pixy/pixy/src/device/libpixy_m4/Release/liblibpixy_m4.a(pixy_init.o) (pwr_init())
/home/weyoui/PROJECTS/SmartCart/Pixy/pixy/src/device/libpixy_m4/Release/liblibpixy_m4.a(qqueue.o)
                              ./src/conncomp.o (Qqueue::Qqueue())
/home/weyoui/PROJECTS/SmartCart/Pixy/pixy/src/device/libpixy_m4/Release/liblibpixy_m4.a(rcservo.o)
                              ./src/progblobs.o (rcs_setPos(unsigned char const&, unsigned short const&))
/home/weyoui/PROJECTS/SmartCart/Pixy/pixy/src/device/libpixy_m4/Release/liblibpixy_m4.a(sccb.o)
                              /home/weyoui/PROJECTS/SmartCart/Pixy/pixy/src/device/libpixy_m4/Release/liblibpixy_m4.a(camera.o) (CSccb::CSccb(unsigned char))
/home/weyoui/PROJECTS/SmartCart/Pixy/pixy/src/device/libpixy_m4/Release/liblibpixy_m4.a(smlink.o)
                              /home/weyoui/PROJECTS/SmartCart/Pixy/pixy/src/device/libpixy_m4/Release/liblibpixy_m4.a(pixy_init.o) (SMLink::SMLink())
/home/weyoui/PROJECTS/SmartCart/Pixy/pixy/src/device/libpixy_m4/Release/liblibpixy_m4.a(system_LPC43xx.o)
                              /home/weyoui/PROJECTS/SmartCart/Pixy/pixy/src/device/libpixy_m4/Release/liblibpixy_m4.a(platform_config.o) (SystemInit)
/home/weyoui/PROJECTS/SmartCart/Pixy/pixy/src/device/libpixy_m4/Release/liblibpixy_m4.a(usbcore.o)
                              ./src/exec.o (USB_Configuration)
/home/weyoui/PROJECTS/SmartCart/Pixy/pixy/src/device/libpixy_m4/Release/liblibpixy_m4.a(usbdesc.o)
                              /home/weyoui/PROJECTS/SmartCart/Pixy/pixy/src/device/libpixy_m4/Release/liblibpixy_m4.a(usbcore.o) (USB_HSOtherSpeedConfiguration)
/home/weyoui/PROJECTS/SmartCart/Pixy/pixy/src/device/libpixy_m4/Release/liblibpixy_m4.a(usbhw.o)
                              /home/weyoui/PROJECTS/SmartCart/Pixy/pixy/src/device/libpixy_m4/Release/liblibpixy_m4.a(usbcore.o) (USB_WakeUpCfg)
/home/weyoui/PROJECTS/SmartCart/Pixy/pixy/src/device/libpixy_m4/Release/liblibpixy_m4.a(usblink.o)
                              /home/weyoui/PROJECTS/SmartCart/Pixy/pixy/src/device/libpixy_m4/Release/liblibpixy_m4.a(pixy_init.o) (USBLink::USBLink())
/home/weyoui/PROJECTS/SmartCart/Pixy/pixy/src/device/libpixy_m4/Release/liblibpixy_m4.a(usbuser.o)
[...]
Memory Configuration

Name             Origin             Length             Attributes
SPIflash         0x14000000         0x00020000         xr
RamLoc128        0x10000000         0x00020000         xrw
RamAHB32         0x20000000         0x00008000         xrw
RamLoc72         0x10080000         0x00012000         xrw
RamAHB16         0x20008000         0x00004000         xrw
RamAHB_ETB16     0x2000c000         0x00004000         xrw
*default*        0x00000000         0xffffffff

Linker script and memory map

LOAD ./src/analogdig.o
LOAD ./src/button.o
LOAD ./src/conncomp.o
LOAD ./src/cr_cpp_config.o
LOAD ./src/cr_start_m0.o
LOAD ./src/cr_startup_lpc43xx.o
LOAD ./src/exec.o
LOAD ./src/i2c.o
LOAD ./src/main_m4.o
LOAD ./src/progblobs.o
LOAD ./src/progchase.o
LOAD ./src/progpt.o
LOAD ./src/progvideo.o
LOAD ./src/serial.o
LOAD ./src/spi.o
LOAD ./src/uart.o
LOAD /home/weyoui/PROJECTS/SmartCart/Pixy/pixy/src/device/main_m0/Release/main_m0.axf.o
LOAD /home/weyoui/PROJECTS/SmartCart/Pixy/pixy/src/device/libpixy_m4/Release/liblibpixy_m4.a
LOAD /home/weyoui/PROJECTS/SmartCart/Pixy/pixy/src/device/main_m4/src/libfalcon_m4_spifi_drv.a
START GROUP
LOAD /usr/local/lpcxpresso_8.1.4_606/lpcxpresso/tools/bin/../lib/gcc/arm-none-eabi/5.2.1/armv7e-m/softfp/libgcc.a
LOAD /usr/local/lpcxpresso_8.1.4_606/lpcxpresso/tools/bin/../lib/gcc/arm-none-eabi/5.2.1/../../../../arm-none-eabi/lib/armv7e-m/softfp/libc.a
LOAD /usr/local/lpcxpresso_8.1.4_606/lpcxpresso/tools/bin/../lib/gcc/arm-none-eabi/5.2.1/../../../../arm-none-eabi/lib/armv7e-m/softfp/libstdc++.a
LOAD /usr/local/lpcxpresso_8.1.4_606/lpcxpresso/tools/bin/../lib/gcc/arm-none-eabi/5.2.1/../../../../arm-none-eabi/lib/armv7e-m/softfp/libm.a
LOAD /usr/local/lpcxpresso_8.1.4_606/lpcxpresso/tools/bin/../lib/gcc/arm-none-eabi/5.2.1/../../../../arm-none-eabi/lib/armv7e-m/softfp/libcr_newlib_nohost.a
LOAD /usr/local/lpcxpresso_8.1.4_606/lpcxpresso/tools/bin/../lib/gcc/arm-none-eabi/5.2.1/armv7e-m/softfp/crti.o
LOAD /usr/local/lpcxpresso_8.1.4_606/lpcxpresso/tools/bin/../lib/gcc/arm-none-eabi/5.2.1/armv7e-m/softfp/crtn.o
LOAD /usr/local/lpcxpresso_8.1.4_606/lpcxpresso/tools/bin/../lib/gcc/arm-none-eabi/5.2.1/armv7e-m/softfp/crtbegin.o
LOAD /usr/local/lpcxpresso_8.1.4_606/lpcxpresso/tools/bin/../lib/gcc/arm-none-eabi/5.2.1/armv7e-m/softfp/crtend.o
END GROUP
START GROUP
LOAD /usr/local/lpcxpresso_8.1.4_606/lpcxpresso/tools/bin/../lib/gcc/arm-none-eabi/5.2.1/../../../../arm-none-eabi/lib/armv7e-m/softfp/libcr_nohost.a
LOAD /usr/local/lpcxpresso_8.1.4_606/lpcxpresso/tools/bin/../lib/gcc/arm-none-eabi/5.2.1/armv7e-m/softfp/libcr_eabihelpers.a
END GROUP
                0x14020000                __top_SPIflash = 0x14020000
                0x10020000                __top_RamLoc128 = 0x10020000
                0x20008000                __top_RamAHB32 = 0x20008000
                0x10092000                __top_RamLoc72 = 0x10092000
                0x2000c000                __top_RamAHB16 = 0x2000c000
                0x20010000                __top_RamAHB_ETB16 = 0x20010000

.text           0x14000000      0x290
 FILL mask 0xff
                0x14000000                __rom_vectors_start__ = ABSOLUTE (.)
 *(.isr_vector)
 .isr_vector    0x14000000      0x114 ./src/cr_startup_lpc43xx.o
                0x14000000                g_pfnVectors
                0x14000114                __rom_vectors_end__ = ABSOLUTE (.)
                0x14000114                . = ALIGN (0x4)
                0x14000114                __section_table_start = .
                0x14000114                __data_section_table = .
                0x14000114        0x4 LONG 0x1401a4c8 LOADADDR (.data)
                0x14000118        0x4 LONG 0x10018018 ADDR (.data)
                0x1400011c        0x4 LONG 0x914 SIZEOF (.data)
                0x14000120        0x4 LONG 0x140182a8 LOADADDR (.data_RAM2)
                0x14000124        0x4 LONG 0x20000000 ADDR (.data_RAM2)
                0x14000128        0x4 LONG 0x0 SIZEOF (.data_RAM2)
                0x1400012c        0x4 LONG 0x140182a8 LOADADDR (.data_RAM3)
                0x14000130        0x4 LONG 0x10080000 ADDR (.data_RAM3)
                0x14000134        0x4 LONG 0x0 SIZEOF (.data_RAM3)
                0x14000138        0x4 LONG 0x140182a8 LOADADDR (.data_RAM4)
                0x1400013c        0x4 LONG 0x20008000 ADDR (.data_RAM4)
                0x14000140        0x4 LONG 0x2220 SIZEOF (.data_RAM4)
                0x14000144        0x4 LONG 0x1401a4c8 LOADADDR (.data_RAM5)
                0x14000148        0x4 LONG 0x2000c000 ADDR (.data_RAM5)
                0x1400014c        0x4 LONG 0x0 SIZEOF (.data_RAM5)
                0x14000150        0x4 LONG 0x14000290 LOADADDR (.text_ram)
                0x14000154        0x4 LONG 0x10000000 ADDR (.text_ram)
                0x14000158        0x4 LONG 0x17d78 SIZEOF (.text_ram)
                0x1400015c        0x4 LONG 0x14000000 __rom_vectors_start__
                0x14000160        0x4 LONG 0x10000000 ADDR (.text_ram)
                0x14000164        0x4 LONG 0x114 (__rom_vectors_end__ - __rom_vectors_start__)
                0x14000168                __data_section_table_end = .
                0x14000168                __bss_section_table = .
                0x14000168        0x4 LONG 0x10019000 ADDR (.bss)
                0x1400016c        0x4 LONG 0xb44 SIZEOF (.bss)
                0x14000170        0x4 LONG 0x20000000 ADDR (.bss_RAM2)
                0x14000174        0x4 LONG 0x0 SIZEOF (.bss_RAM2)
                0x14000178        0x4 LONG 0x10080000 ADDR (.bss_RAM3)
                0x1400017c        0x4 LONG 0x0 SIZEOF (.bss_RAM3)
                0x14000180        0x4 LONG 0x2000a220 ADDR (.bss_RAM4)
                0x14000184        0x4 LONG 0x0 SIZEOF (.bss_RAM4)
                0x14000188        0x4 LONG 0x2000c000 ADDR (.bss_RAM5)
                0x1400018c        0x4 LONG 0x0 SIZEOF (.bss_RAM5)
                0x14000190                __bss_section_table_end = .
                0x14000190                __section_table_end = .
 *(.after_vectors*)
 .after_vectors
                0x14000190       0x3e ./src/cr_startup_lpc43xx.o
                0x14000190                NMI_Handler
                0x14000192                HardFault_Handler
                0x14000194                MemManage_Handler
                0x14000196                BusFault_Handler
                0x14000198                UsageFault_Handler
                0x1400019a                SVC_Handler
                0x1400019c                DebugMon_Handler
                0x1400019e                PendSV_Handler
                0x140001a0                SysTick_Handler
                0x140001a2                TIMER2_IRQHandler
                0x140001a2                RIT_IRQHandler
                0x140001a2                FLASH_EEPROM_IRQHandler
                0x140001a2                SDIO_IRQHandler
                0x140001a2                ATIMER_IRQHandler
                0x140001a2                I2C1_IRQHandler
                0x140001a2                UART1_IRQHandler
                0x140001a2                GPIO5_IRQHandler
                0x140001a2                CAN1_IRQHandler
                0x140001a2                USB1_IRQHandler
                0x140001a2                I2S0_IRQHandler
                0x140001a2                TIMER3_IRQHandler
                0x140001a2                SGPIO_IRQHandler
                0x140001a2                ADC0_IRQHandler
                0x140001a2                GPIO6_IRQHandler
                0x140001a2                IntDefaultHandler
                0x140001a2                GPIO1_IRQHandler
                0x140001a2                SSP0_IRQHandler
                0x140001a2                ADC1_IRQHandler
                0x140001a2                RTC_IRQHandler
                0x140001a2                TIMER0_IRQHandler
                0x140001a2                SPI_IRQHandler
                0x140001a2                LCD_IRQHandler
                0x140001a2                VADC_IRQHandler
                0x140001a2                UART2_IRQHandler
                0x140001a2                GPIO2_IRQHandler
                0x140001a2                I2S1_IRQHandler
                0x140001a2                GPIO3_IRQHandler
                0x140001a2                SCT_IRQHandler
                0x140001a2                WDT_IRQHandler
                0x140001a2                GPIO7_IRQHandler
                0x140001a2                SPIFI_IRQHandler
                0x140001a2                QEI_IRQHandler
                0x140001a2                ETH_IRQHandler
                0x140001a2                M0CORE_IRQHandler
                0x140001a2                CAN0_IRQHandler
                0x140001a2                GINT0_IRQHandler
                0x140001a2                DAC_IRQHandler
                0x140001a2                M0SUB_IRQHandler
                0x140001a2                GPIO0_IRQHandler
                0x140001a2                DMA_IRQHandler
                0x140001a2                EVRT_IRQHandler
                0x140001a2                UART3_IRQHandler
                0x140001a2                MCPWM_IRQHandler
                0x140001a2                GINT1_IRQHandler
                0x140001a2                GPIO4_IRQHandler
                0x140001a4                data_init(unsigned int, unsigned int, unsigned int)
                0x140001ba                bss_init(unsigned int, unsigned int)
 *cr_startup_lpc43xx.o(.text* .rodata .rodata.* .constdata .constdata.*)
 *fill*         0x140001ce        0x2 ff
 .text.ResetISR
                0x140001d0       0x9c ./src/cr_startup_lpc43xx.o
                0x140001d0                ResetISR
 *fill*         0x1400026c        0x4 ff
 .text.ResetISR.__stub
                0x14000270       0x20 linker stubs
 *(.text.main)

.glue_7         0x14000290        0x0
 .glue_7        0x14000290        0x0 linker stubs

.glue_7t        0x14000290        0x0
 .glue_7t       0x14000290        0x0 linker stubs

.vfp11_veneer   0x14000290        0x0
 .vfp11_veneer  0x14000290        0x0 linker stubs

.v4_bx          0x14000290        0x0
 .v4_bx         0x14000290        0x0 linker stubs

.iplt           0x14000290        0x0
 .iplt          0x14000290        0x0 ./src/analogdig.o

.text_ram       0x10000000    0x17d78 load address 0x14000290
                0x10000000                __vectors_start__ = ABSOLUTE (.)
                0x10000114                . = (. + (__rom_vectors_end__ - __rom_vectors_start__))
 *fill*         0x10000000      0x114 
 *(.text*)
 .text._ZN7Iserial7receiveEPhm
                0x10000114        0x4 ./src/analogdig.o
                0x10000114                Iserial::receive(unsigned char*, unsigned long)
 .text._ZN7Iserial10receiveLenEv
                0x10000118        0x4 ./src/analogdig.o
                0x10000118                Iserial::receiveLen()
 .text._ZN9AnalogDig4openEv
                0x1000011c       0x2c ./src/analogdig.o
                0x1000011c                AnalogDig::open()
 .text._ZN9AnalogDig5closeEv
                0x10000148       0x1c ./src/analogdig.o
                0x10000148                AnalogDig::close()
 .text._ZN9AnalogDig6updateEv
                0x10000164       0x8c ./src/analogdig.o
                0x10000164                AnalogDig::update()
 .text._ZN9AnalogDig12setDirectionEb
                0x100001f0        0x4 ./src/analogdig.o
                0x100001f0                AnalogDig::setDirection(bool)
 .text._Z7ad_initv
                0x100001f4       0x24 ./src/analogdig.o
                0x100001f4                ad_init()
 .text._Z8scaleLEDmmmm
                0x10000218       0xd4 ./src/button.o
                0x10000218                scaleLED(unsigned long, unsigned long, unsigned long, unsigned long)
 .text._ZN13ButtonMachine7ledPipeEv
                0x100002ec       0x90 ./src/button.o
                0x100002ec                ButtonMachine::ledPipe()
 .text._ZN13ButtonMachine4waitEm
                0x1000037c       0x1c ./src/button.o
                0x1000037c                ButtonMachine::wait(unsigned long)
 .text._ZN13ButtonMachine6setLEDEv.part.1
                0x10000398       0x30 ./src/button.o
 .text._ZN13ButtonMachine5resetEv
                0x100003c8       0x1a ./src/button.o
                0x100003c8                ButtonMachine::reset()
 .text._ZN13ButtonMachineC2Ev
                0x100003e2        0xc ./src/button.o
                0x100003e2                ButtonMachine::ButtonMachine()
                0x100003e2                ButtonMachine::ButtonMachine()
 *fill*         0x100003ee        0x2 
 .text._ZN13ButtonMachine8flashLEDEh
                0x100003f0       0x48 ./src/button.o
                0x100003f0                ButtonMachine::flashLED(unsigned char)
 .text._ZN13ButtonMachine12setSignatureEv
                0x10000438       0x40 ./src/button.o
                0x10000438                ButtonMachine::setSignature()
 .text._ZN13ButtonMachine6setLEDEv
                0x10000478        0xc ./src/button.o
                0x10000478                ButtonMachine::setLED()
 .text._ZN13ButtonMachine13selectProgramEhPh
                0x10000484       0xd0 ./src/button.o
                0x10000484                ButtonMachine::selectProgram(unsigned char, unsigned char*)
 .text._ZN13ButtonMachine15handleSignatureEv
                0x10000554      0x1dc ./src/button.o
                0x10000554                ButtonMachine::handleSignature()
 .text._Z12cc_setMemoryRKmS0_PKh
                0x10000730       0x1c ./src/conncomp.o
                0x10000730                cc_setMemory(unsigned long const&, unsigned long const&, unsigned char const*)
 .text._Z22cc_teachThreshCallbackPKcRKm
                0x1000074c       0x24 ./src/conncomp.o
                0x1000074c                cc_teachThreshCallback(char const*, unsigned long const&)
 .text._Z24cc_ledBrightnessCallbackPKcRKt
                0x10000770       0x28 ./src/conncomp.o
                0x10000770                cc_ledBrightnessCallback(char const*, unsigned short const&)
 .text._Z11cc_setLabelRKmPKcP5Chirp
                0x10000798       0x74 ./src/conncomp.o
                0x10000798                cc_setLabel(unsigned long const&, char const*, Chirp*)
 .text._Z17cc_shadowCallbackPKcRKf
                0x1000080c       0x44 ./src/conncomp.o
                0x1000080c                cc_shadowCallback(char const*, float const&)
 .text._Z10cc_loadLutv
                0x10000850       0x54 ./src/conncomp.o
                0x10000850                cc_loadLut()
 .text._Z15cc_setSigRegionRKmRKhRKtS4_S4_S4_P5Chirp
                0x100008a4       0xb8 ./src/conncomp.o
                0x100008a4                cc_setSigRegion(unsigned long const&, unsigned char const&, unsigned short const&, unsigned short const&, unsigned short const&, unsigned short const&, Chirp*)
 .text._Z11cc_clearSigRKhP5Chirp
                0x1000095c       0x64 ./src/conncomp.o
                0x1000095c                cc_clearSig(unsigned char const&, Chirp*)
 .text._Z14cc_clearAllSigP5Chirp
                0x100009c0       0x60 ./src/conncomp.o
                0x100009c0                cc_clearAllSig(Chirp*)
 .text._Z13cc_loadParamsv
                0x10000a20      0x29c ./src/conncomp.o
                0x10000a20                cc_loadParams()
 .text._Z7cc_initP5Chirp
                0x10000cbc       0x70 ./src/conncomp.o
                0x10000cbc                cc_init(Chirp*)
 .text._Z14cc_getRLSFramePhS_b
                0x10000d2c       0x6c ./src/conncomp.o
                0x10000d2c                cc_getRLSFrame(unsigned char*, unsigned char*, bool)
 .text._Z24cc_getRLSFrameChirpFlagsP5Chirph
                0x10000d98       0xd0 ./src/conncomp.o
                0x10000d98                cc_getRLSFrameChirpFlags(Chirp*, unsigned char)
 .text._Z19cc_getRLSFrameChirpP5Chirp
                0x10000e68        0x6 ./src/conncomp.o
                0x10000e68                cc_getRLSFrameChirp(Chirp*)
 *fill*         0x10000e6e        0x2 
 .text._Z12cc_sendBlobsP5ChirpPK5BlobAmPK5BlobBmh
                0x10000e70       0x54 ./src/conncomp.o
                0x10000e70                cc_sendBlobs(Chirp*, BlobA const*, unsigned long, BlobB const*, unsigned long, unsigned char)
 .text._Z13ledBrightnessm
                0x10000ec4       0x48 ./src/conncomp.o
                0x10000ec4                ledBrightness(unsigned long)
 .text._Z9cc_setLEDv
                0x10000f0c       0xa8 ./src/conncomp.o
                0x10000f0c                cc_setLED()
 .text._Z13cc_sendPointsR12SimpleVectorI7Point16EttP5Chirph
                0x10000fb4       0xc8 ./src/conncomp.o
                0x10000fb4                cc_sendPoints(SimpleVector<Point16>&, unsigned short, unsigned short, Chirp*, unsigned char)
 .text._Z14cc_setSigPointRKmRKhRKtS4_P5Chirp
                0x1000107c       0xfc ./src/conncomp.o
                0x1000107c                cc_setSigPoint(unsigned long const&, unsigned char const&, unsigned short const&, unsigned short const&, Chirp*)
 .text._Znwj    0x10001178        0x4 ./src/cr_cpp_config.o
                0x10001178                operator new(unsigned int)
 .text._Znaj    0x1000117c        0x4 ./src/cr_cpp_config.o
                0x1000117c                operator new[](unsigned int)
 .text._ZdlPv   0x10001180        0x4 ./src/cr_cpp_config.o
                0x10001180                operator delete(void*)
 .text._ZdaPv   0x10001184        0x4 ./src/cr_cpp_config.o
                0x10001184                operator delete[](void*)
 .text.__aeabi_atexit
                0x10001188        0x4 ./src/cr_cpp_config.o
                0x10001188                __aeabi_atexit
 .text._ZN9__gnu_cxx27__verbose_terminate_handlerEv
                0x1000118c        0x2 ./src/cr_cpp_config.o
                0x1000118c                __gnu_cxx::__verbose_terminate_handler()
 *fill*         0x1000118e        0x2 
 .text.cr_start_m0
                0x10001190       0xb0 ./src/cr_start_m0.o
                0x10001190                cr_start_m0
 .text._Z9exec_stopv
                0x10001240        0xc ./src/exec.o
                0x10001240                exec_stop()
 .text._Z8exec_runv
                0x1000124c       0x18 ./src/exec.o
                0x1000124c                exec_run()
 .text._Z12exec_runprogRKhP5Chirp
                0x10001264       0x70 ./src/exec.o
                0x10001264                exec_runprog(unsigned char const&, Chirp*)
 .text._Z15exec_runprogArgRKhRKlP5Chirp
                0x100012d4       0x40 ./src/exec.o
                0x100012d4                exec_runprogArg(unsigned char const&, long const&, Chirp*)
 .text._Z11exec_getUIDv
                0x10001314       0x24 ./src/exec.o
                0x10001314                exec_getUID()
 .text._ZL10loadParamsv
                0x10001338       0x78 ./src/exec.o
 .text._Z9exec_listv
                0x100013b0       0x28 ./src/exec.o
                0x100013b0                exec_list()
 .text._Z12exec_versionP5Chirp
                0x100013d8       0x34 ./src/exec.o
                0x100013d8                exec_version(Chirp*)
 .text._Z16exec_versionTypeP5Chirp
                0x1000140c       0x20 ./src/exec.o
                0x1000140c                exec_versionType(Chirp*)
 .text._Z14exec_getActionRKtP5Chirp
                0x1000142c       0x44 ./src/exec.o
                0x1000142c                exec_getAction(unsigned short const&, Chirp*)
 .text._Z12exec_runningv
                0x10001470       0x1c ./src/exec.o
                0x10001470                exec_running()
 .text._Z9exec_initP5Chirp
                0x1000148c       0x74 ./src/exec.o
                0x1000148c                exec_init(Chirp*)
 .text._Z12exec_addProgP7Programb
                0x10001500       0x20 ./src/exec.o
                0x10001500                exec_addProg(Program*, bool)
 .text._Z10exec_runM0h
                0x10001520       0x3c ./src/exec.o
                0x10001520                exec_runM0(unsigned char)
 .text._Z11exec_stopM0v
                0x1000155c       0x2c ./src/exec.o
                0x1000155c                exec_stopM0()
 .text._Z14exec_runningM0v
                0x10001588       0x30 ./src/exec.o
                0x10001588                exec_runningM0()
 .text._Z11exec_selectv
                0x100015b8       0x50 ./src/exec.o
                0x100015b8                exec_select()
 .text._Z15exec_loadParamsv
                0x10001608       0x1e ./src/exec.o
                0x10001608                exec_loadParams()
 *fill*         0x10001626        0x2 
 .text._Z13exec_periodicv
                0x10001628       0x2c ./src/exec.o
                0x10001628                exec_periodic()
 .text._Z9exec_loopv
                0x10001654       0xfc ./src/exec.o
                0x10001654                exec_loop()
 .text._Z10exec_pausev
                0x10001750       0x12 ./src/exec.o
                0x10001750                exec_pause()
 *fill*         0x10001762        0x2 
 .text._Z11exec_resumev
                0x10001764       0x20 ./src/exec.o
                0x10001764                exec_resume()
 .text._Z14exec_sendEventP5Chirpm
                0x10001784       0x24 ./src/exec.o
                0x10001784                exec_sendEvent(Chirp*, unsigned long)
 .text._ZN3I2c5closeEv
                0x100017a8       0x14 ./src/i2c.o
                0x100017a8                I2c::close()
 .text._ZN3I2c10receiveLenEv
                0x100017bc        0x8 ./src/i2c.o
                0x100017bc                I2c::receiveLen()
 .text._ZN3I2c7receiveEPhm
                0x100017c4       0x40 ./src/i2c.o
                0x100017c4                I2c::receive(unsigned char*, unsigned long)
 .text._ZN3I2c12slaveHandlerEv
                0x10001804       0xf0 ./src/i2c.o
                0x10001804                I2c::slaveHandler()
 .text.I2C0_IRQHandler
                0x100018f4        0xc ./src/i2c.o
                0x100018f4                I2C0_IRQHandler
 .text._ZN3I2c10startSlaveEv
                0x10001900        0xc ./src/i2c.o
                0x10001900                I2c::startSlave()
 .text._ZN3I2c4openEv
                0x1000190c       0x64 ./src/i2c.o
                0x1000190c                I2c::open()
 .text._ZN3I2c6updateEv
                0x10001970       0x30 ./src/i2c.o
                0x10001970                I2c::update()
 .text._ZN3I2c12setSlaveAddrEh
                0x100019a0       0x1e ./src/i2c.o
                0x100019a0                I2c::setSlaveAddr(unsigned char)
 *fill*         0x100019be        0x2 
 .text._ZN3I2cC2EP13LPC_I2Cn_TypehPFmPhmE
                0x100019c0       0x68 ./src/i2c.o
                0x100019c0                I2c::I2c(LPC_I2Cn_Type*, unsigned char, unsigned long (*)(unsigned char*, unsigned long))
                0x100019c0                I2c::I2c(LPC_I2Cn_Type*, unsigned char, unsigned long (*)(unsigned char*, unsigned long))
 .text._ZN3I2c8setFlagsEbb
                0x10001a28        0x6 ./src/i2c.o
                0x10001a28                I2c::setFlags(bool, bool)
 *fill*         0x10001a2e        0x2 
 .text._Z8i2c_initPFmPhmE
                0x10001a30       0x24 ./src/i2c.o
                0x10001a30                i2c_init(unsigned long (*)(unsigned char*, unsigned long))
 .text.startup.main
                0x10001a54      0x10c ./src/main_m4.o
                0x10001a54                main
 .text._Z10blobsSetupv
                0x10001b60       0x4c ./src/progblobs.o
                0x10001b60                blobsSetup()
 .text._Z10handleRecvv
                0x10001bac      0x140 ./src/progblobs.o
                0x10001bac                handleRecv()
 .text._Z9blobsLoopv
                0x10001cec       0xb4 ./src/progblobs.o
                0x10001cec                blobsLoop()
 .text.startup._GLOBAL__sub_I_g_progChase
                0x10001da0       0x30 ./src/progchase.o
 .text._ZN9ServoLoop6updateEl
                0x10001dd0       0x4c ./src/progpt.o
                0x10001dd0                ServoLoop::update(long)
 .text._Z6ptLoopv
                0x10001e1c       0x8c ./src/progpt.o
                0x10001e1c                ptLoop()
 .text._ZN9ServoLoop5resetEv
                0x10001ea8       0x1a ./src/progpt.o
                0x10001ea8                ServoLoop::reset()
 *fill*         0x10001ec2        0x2 
 .text._Z12ptLoadParamsv
                0x10001ec4       0xcc ./src/progpt.o
                0x10001ec4                ptLoadParams()
 .text._Z7ptSetupv
                0x10001f90       0x50 ./src/progpt.o
                0x10001f90                ptSetup()
 .text.startup._GLOBAL__sub_I_g_progPt
                0x10001fe0       0x3c ./src/progpt.o
 .text._Z10videoSetupv
                0x1000201c        0x4 ./src/progvideo.o
                0x1000201c                videoSetup()
 .text._Z10sendCustomh
                0x10002020      0x148 ./src/progvideo.o
                0x10002020                sendCustom(unsigned char)
 .text._Z9videoLoopv
                0x10002168       0x64 ./src/progvideo.o
                0x10002168                videoLoop()
 .text._Z12lego_getDataPhm
                0x100021cc      0x1d0 ./src/serial.o
                0x100021cc                lego_getData(unsigned char*, unsigned long)
 .text._Z8callbackPhm
                0x1000239c       0x28 ./src/serial.o
                0x1000239c                callback(unsigned char*, unsigned long)
 .text._Z16ser_setInterfaceh
                0x100023c4       0xa8 ./src/serial.o
                0x100023c4                ser_setInterface(unsigned char)
 .text._Z14ser_loadParamsv
                0x1000246c       0xa8 ./src/serial.o
                0x1000246c                ser_loadParams()
 .text._Z8ser_initv
                0x10002514       0x28 ./src/serial.o
                0x10002514                ser_init()
 .text._Z13ser_getSerialv
                0x1000253c        0xc ./src/serial.o
                0x1000253c                ser_getSerial()
 .text._ZN3Spi10receiveLenEv
                0x10002548        0x8 ./src/spi.o
                0x10002548                Spi::receiveLen()
 .text._ZN3Spi5closeEv
                0x10002550       0x1c ./src/spi.o
                0x10002550                Spi::close()
 .text._ZN3Spi7receiveEPhm
                0x1000256c       0x40 ./src/spi.o
                0x1000256c                Spi::receive(unsigned char*, unsigned long)
 .text._ZN3Spi9checkIdleEv
                0x100025ac       0x40 ./src/spi.o
                0x100025ac                Spi::checkIdle()
 .text._ZN3Spi4syncEv
                0x100025ec       0x4c ./src/spi.o
                0x100025ec                Spi::sync()
 .text._ZN3Spi4openEv
                0x10002638       0x48 ./src/spi.o
                0x10002638                Spi::open()
 .text._ZN3Spi6updateEv
                0x10002680       0x60 ./src/spi.o
                0x10002680                Spi::update()
 .text._ZN3Spi18setAutoSlaveSelectEb
                0x100026e0       0x1c ./src/spi.o
                0x100026e0                Spi::setAutoSlaveSelect(bool)
 .text._ZN3SpiC2EPFmPhmE
                0x100026fc       0xa8 ./src/spi.o
                0x100026fc                Spi::Spi(unsigned long (*)(unsigned char*, unsigned long))
                0x100026fc                Spi::Spi(unsigned long (*)(unsigned char*, unsigned long))
 .text._Z8spi_initPFmPhmE
                0x100027a4       0x1c ./src/spi.o
                0x100027a4                spi_init(unsigned long (*)(unsigned char*, unsigned long))
 .text._ZN9TransmitQItE4readEPt
                0x100027c0       0x34 ./src/spi.o
                0x100027c0                TransmitQ<unsigned short>::read(unsigned short*)
 .text._ZN8ReceiveQItE5writeEt
                0x100027f4       0x32 ./src/spi.o
                0x100027f4                ReceiveQ<unsigned short>::write(unsigned short)
 *fill*         0x10002826        0x2 
 .text._ZN3Spi12slaveHandlerEv
                0x10002828       0xb8 ./src/spi.o
                0x10002828                Spi::slaveHandler()
 .text.SSP1_IRQHandler
                0x100028e0        0xc ./src/spi.o
                0x100028e0                SSP1_IRQHandler
 .text._ZN4Uart10receiveLenEv
                0x100028ec        0x8 ./src/uart.o
                0x100028ec                Uart::receiveLen()
 .text._ZN4Uart6updateEv
                0x100028f4       0x10 ./src/uart.o
                0x100028f4                Uart::update()
 .text._ZN4Uart7receiveEPhm
                0x10002904       0x40 ./src/uart.o
                0x10002904                Uart::receive(unsigned char*, unsigned long)
 .text._ZN4Uart4openEv
                0x10002944       0x44 ./src/uart.o
                0x10002944                Uart::open()
 .text._ZN4Uart5closeEv
                0x10002988       0x2c ./src/uart.o
                0x10002988                Uart::close()
 .text._ZN4Uart10irqHandlerEv
                0x100029b4       0x8c ./src/uart.o
                0x100029b4                Uart::irqHandler()
 .text.UART0_IRQHandler
                0x10002a40        0xc ./src/uart.o
                0x10002a40                UART0_IRQHandler
 .text._ZN4UartC2EP15LPC_USARTn_TypePFmPhmE
                0x10002a4c       0xac ./src/uart.o
                0x10002a4c                Uart::Uart(LPC_USARTn_Type*, unsigned long (*)(unsigned char*, unsigned long))
                0x10002a4c                Uart::Uart(LPC_USARTn_Type*, unsigned long (*)(unsigned char*, unsigned long))
 .text._ZN4Uart11setBaudrateEm
                0x10002af8       0x14 ./src/uart.o
                0x10002af8                Uart::setBaudrate(unsigned long)
 .text._Z9uart_initPFmPhmE
                0x10002b0c       0x24 ./src/uart.o
                0x10002b0c                uart_init(unsigned long (*)(unsigned char*, unsigned long))
 .text._ZN5BlobsC2EP6QqueuePh
                0x10002b30       0x7c /home/weyoui/PROJECTS/SmartCart/Pixy/pixy/src/device/libpixy_m4/Release/liblibpixy_m4.a(blobs.o)
                0x10002b30                Blobs::Blobs(Qqueue*, unsigned char*)
                0x10002b30                Blobs::Blobs(Qqueue*, unsigned char*)
 .text._ZN5Blobs9setParamsEttm13ColorCodeMode
                0x10002bac       0x1e /home/weyoui/PROJECTS/SmartCart/Pixy/pixy/src/device/libpixy_m4/Release/liblibpixy_m4.a(blobs.o)
                0x10002bac                Blobs::setParams(unsigned short, unsigned short, unsigned long, ColorCodeMode)
 .text._ZN5Blobs13handleSegmentEhttt
                0x10002bca       0x4e /home/weyoui/PROJECTS/SmartCart/Pixy/pixy/src/device/libpixy_m4/Release/liblibpixy_m4.a(blobs.o)
                0x10002bca                Blobs::handleSegment(unsigned char, unsigned short, unsigned short, unsigned short)
 .text._ZN5Blobs10getCCBlockEPhm
                0x10002c18       0xcc /home/weyoui/PROJECTS/SmartCart/Pixy/pixy/src/device/libpixy_m4/Release/liblibpixy_m4.a(blobs.o)
                0x10002c18                Blobs::getCCBlock(unsigned char*, unsigned long)
 .text._ZN5Blobs8getBlockEPhm
                0x10002ce4       0xbe /home/weyoui/PROJECTS/SmartCart/Pixy/pixy/src/device/libpixy_m4/Release/liblibpixy_m4.a(blobs.o)
                0x10002ce4                Blobs::getBlock(unsigned char*, unsigned long)
 .text._ZN5Blobs10getMaxBlobEtPt
                0x10002da2       0xfc /home/weyoui/PROJECTS/SmartCart/Pixy/pixy/src/device/libpixy_m4/Release/liblibpixy_m4.a(blobs.o)
                0x10002da2                Blobs::getMaxBlob(unsigned short, unsigned short*)
 .text._ZN5Blobs8getBlobsEPP5BlobAPmPP5BlobBS3_
                0x10002e9e       0x1e /home/weyoui/PROJECTS/SmartCart/Pixy/pixy/src/device/libpixy_m4/Release/liblibpixy_m4.a(blobs.o)
                0x10002e9e                Blobs::getBlobs(BlobA**, unsigned long*, BlobB**, unsigned long*)
 .text._ZN5Blobs8compressEPtt
                0x10002ebc       0x46 /home/weyoui/PROJECTS/SmartCart/Pixy/pixy/src/device/libpixy_m4/Release/liblibpixy_m4.a(blobs.o)
                0x10002ebc                Blobs::compress(unsigned short*, unsigned short)
 .text._ZN5Blobs7combineEPtt
                0x10002f02       0xa6 /home/weyoui/PROJECTS/SmartCart/Pixy/pixy/src/device/libpixy_m4/Release/liblibpixy_m4.a(blobs.o)
                0x10002f02                Blobs::combine(unsigned short*, unsigned short)
 .text._ZN5Blobs8combine2EPtt
                0x10002fa8      0x142 /home/weyoui/PROJECTS/SmartCart/Pixy/pixy/src/device/libpixy_m4/Release/liblibpixy_m4.a(blobs.o)
                0x10002fa8                Blobs::combine2(unsigned short*, unsigned short)
 .text._ZN5Blobs8distanceEP5BlobAS1_
                0x100030ea      0x162 /home/weyoui/PROJECTS/SmartCart/Pixy/pixy/src/device/libpixy_m4/Release/liblibpixy_m4.a(blobs.o)
                0x100030ea                Blobs::distance(BlobA*, BlobA*)
 .text._ZN5Blobs7closebyEP5BlobAS1_
                0x1000324c       0x60 /home/weyoui/PROJECTS/SmartCart/Pixy/pixy/src/device/libpixy_m4/Release/liblibpixy_m4.a(blobs.o)
                0x1000324c                Blobs::closeby(BlobA*, BlobA*)
 .text._ZN5Blobs8distanceEP5BlobAS1_b
                0x100032ac       0x32 /home/weyoui/PROJECTS/SmartCart/Pixy/pixy/src/device/libpixy_m4/Release/liblibpixy_m4.a(blobs.o)
                0x100032ac                Blobs::distance(BlobA*, BlobA*, bool)
 *fill*         0x100032de        0x2 
 .text._ZN5Blobs5angleEP5BlobAS1_
                0x100032e0       0x8c /home/weyoui/PROJECTS/SmartCart/Pixy/pixy/src/device/libpixy_m4/Release/liblibpixy_m4.a(blobs.o)
                0x100032e0                Blobs::angle(BlobA*, BlobA*)
 .text._ZN5Blobs4sortEPP5BlobAtS1_b
                0x1000336c       0x74 /home/weyoui/PROJECTS/SmartCart/Pixy/pixy/src/device/libpixy_m4/Release/liblibpixy_m4.a(blobs.o)
                0x1000336c                Blobs::sort(BlobA**, unsigned short, BlobA*, bool)
 .text._ZN5Blobs7cleanupEPP5BlobAPs
                0x100033e0      0x11c /home/weyoui/PROJECTS/SmartCart/Pixy/pixy/src/device/libpixy_m4/Release/liblibpixy_m4.a(blobs.o)
                0x100033e0                Blobs::cleanup(BlobA**, short*)
 .text._ZN5Blobs8cleanup2EPP5BlobAPs
                0x100034fc       0x5e /home/weyoui/PROJECTS/SmartCart/Pixy/pixy/src/device/libpixy_m4/Release/liblibpixy_m4.a(blobs.o)
                0x100034fc                Blobs::cleanup2(BlobA**, short*)
 .text._ZN5Blobs11mergeClumpsEtt
                0x1000355a       0x2e /home/weyoui/PROJECTS/SmartCart/Pixy/pixy/src/device/libpixy_m4/Release/liblibpixy_m4.a(blobs.o)
                0x1000355a                Blobs::mergeClumps(unsigned short, unsigned short)
 .text._ZN5Blobs9processCCEv
                0x10003588      0x3c6 /home/weyoui/PROJECTS/SmartCart/Pixy/pixy/src/device/libpixy_m4/Release/liblibpixy_m4.a(blobs.o)
                0x10003588                Blobs::processCC()
 .text._ZN5Blobs8endFrameEv
                0x1000394e       0x1e /home/weyoui/PROJECTS/SmartCart/Pixy/pixy/src/device/libpixy_m4/Release/liblibpixy_m4.a(blobs.o)
                0x1000394e                Blobs::endFrame()
 .text._ZN5Blobs17runlengthAnalysisEv
                0x1000396c      0x1c4 /home/weyoui/PROJECTS/SmartCart/Pixy/pixy/src/device/libpixy_m4/Release/liblibpixy_m4.a(blobs.o)
                0x1000396c                Blobs::runlengthAnalysis()
 .text._ZN5Blobs7blobifyEv
                0x10003b30      0x1a4 /home/weyoui/PROJECTS/SmartCart/Pixy/pixy/src/device/libpixy_m4/Release/liblibpixy_m4.a(blobs.o)
                0x10003b30                Blobs::blobify()
 .text._Z7rgbPackmmm
                0x10003cd4       0x1c /home/weyoui/PROJECTS/SmartCart/Pixy/pixy/src/device/libpixy_m4/Release/liblibpixy_m4.a(calc.o)
                0x10003cd4                rgbPack(unsigned long, unsigned long, unsigned long)
 .text._Z9rgbUnpackmPmS_S_
                0x10003cf0       0x14 /home/weyoui/PROJECTS/SmartCart/Pixy/pixy/src/device/libpixy_m4/Release/liblibpixy_m4.a(calc.o)
                0x10003cf0                rgbUnpack(unsigned long, unsigned long*, unsigned long*, unsigned long*)
 .text._Z8saturatem
                0x10003d04       0x88 /home/weyoui/PROJECTS/SmartCart/Pixy/pixy/src/device/libpixy_m4/Release/liblibpixy_m4.a(calc.o)
                0x10003d04                saturate(unsigned long)
 .text._Z11cam_getModev
                0x10003d8c        0xc /home/weyoui/PROJECTS/SmartCart/Pixy/pixy/src/device/libpixy_m4/Release/liblibpixy_m4.a(camera.o)
                0x10003d8c                cam_getMode()
 .text._Z10cam_getAWBv
                0x10003d98        0xc /home/weyoui/PROJECTS/SmartCart/Pixy/pixy/src/device/libpixy_m4/Release/liblibpixy_m4.a(camera.o)
                0x10003d98                cam_getAWB()
 .text._Z10cam_getAECv
                0x10003da4        0xc /home/weyoui/PROJECTS/SmartCart/Pixy/pixy/src/device/libpixy_m4/Release/liblibpixy_m4.a(camera.o)
                0x10003da4                cam_getAEC()
 .text._Z17cam_getBrightnessv
                0x10003db0        0xc /home/weyoui/PROJECTS/SmartCart/Pixy/pixy/src/device/libpixy_m4/Release/liblibpixy_m4.a(camera.o)
                0x10003db0                cam_getBrightness()
 .text._Z16cam_getLightModev
                0x10003dbc        0xc /home/weyoui/PROJECTS/SmartCart/Pixy/pixy/src/device/libpixy_m4/Release/liblibpixy_m4.a(camera.o)
                0x10003dbc                cam_getLightMode()
 .text._Z10cam_getWBVv
                0x10003dc8       0x2c /home/weyoui/PROJECTS/SmartCart/Pixy/pixy/src/device/libpixy_m4/Release/liblibpixy_m4.a(camera.o)
                0x10003dc8                cam_getWBV()
 .text._Z10cam_getECVv
                0x10003df4       0x2c /home/weyoui/PROJECTS/SmartCart/Pixy/pixy/src/device/libpixy_m4/Release/liblibpixy_m4.a(camera.o)
                0x10003df4                cam_getECV()
 .text._Z15cam_getRegisterRKh
                0x10003e20       0x14 /home/weyoui/PROJECTS/SmartCart/Pixy/pixy/src/device/libpixy_m4/Release/liblibpixy_m4.a(camera.o)
                0x10003e20                cam_getRegister(unsigned char const&)
 .text._Z10cam_setWBVRKm
                0x10003e34       0x30 /home/weyoui/PROJECTS/SmartCart/Pixy/pixy/src/device/libpixy_m4/Release/liblibpixy_m4.a(camera.o)
                0x10003e34                cam_setWBV(unsigned long const&)
 .text._Z10cam_setECVRKm
                0x10003e64       0x30 /home/weyoui/PROJECTS/SmartCart/Pixy/pixy/src/device/libpixy_m4/Release/liblibpixy_m4.a(camera.o)
                0x10003e64                cam_setECV(unsigned long const&)
 .text._Z17cam_setBrightnessRKh
                0x10003e94       0x38 /home/weyoui/PROJECTS/SmartCart/Pixy/pixy/src/device/libpixy_m4/Release/liblibpixy_m4.a(camera.o)
                0x10003e94                cam_setBrightness(unsigned char const&)
 .text._ZL11cam_setRegsPKhi
                0x10003ecc       0x5c /home/weyoui/PROJECTS/SmartCart/Pixy/pixy/src/device/libpixy_m4/Release/liblibpixy_m4.a(camera.o)
 .text._Z16cam_setLightModeRKh
                0x10003f28       0xac /home/weyoui/PROJECTS/SmartCart/Pixy/pixy/src/device/libpixy_m4/Release/liblibpixy_m4.a(camera.o)
                0x10003f28                cam_setLightMode(unsigned char const&)
 .text._Z15cam_testPatternRKh
                0x10003fd4       0x30 /home/weyoui/PROJECTS/SmartCart/Pixy/pixy/src/device/libpixy_m4/Release/liblibpixy_m4.a(camera.o)
                0x10003fd4                cam_testPattern(unsigned char const&)
 .text._Z15cam_setRegisterRKhS0_
                0x10004004       0x18 /home/weyoui/PROJECTS/SmartCart/Pixy/pixy/src/device/libpixy_m4/Release/liblibpixy_m4.a(camera.o)
                0x10004004                cam_setRegister(unsigned char const&, unsigned char const&)
 .text._Z10cam_setAWBRKh
                0x1000401c       0x4c /home/weyoui/PROJECTS/SmartCart/Pixy/pixy/src/device/libpixy_m4/Release/liblibpixy_m4.a(camera.o)
                0x1000401c                cam_setAWB(unsigned char const&)
 .text._Z10cam_setAECRKh
                0x10004068       0x38 /home/weyoui/PROJECTS/SmartCart/Pixy/pixy/src/device/libpixy_m4/Release/liblibpixy_m4.a(camera.o)
                0x10004068                cam_setAEC(unsigned char const&)
 .text._Z11cam_setModeRKh
                0x100040a0       0x38 /home/weyoui/PROJECTS/SmartCart/Pixy/pixy/src/device/libpixy_m4/Release/liblibpixy_m4.a(camera.o)
                0x100040a0                cam_setMode(unsigned char const&)
 .text._Z18cam_shadowCallbackPKcRKh
                0x100040d8       0x70 /home/weyoui/PROJECTS/SmartCart/Pixy/pixy/src/device/libpixy_m4/Release/liblibpixy_m4.a(camera.o)
                0x100040d8                cam_shadowCallback(char const*, unsigned char const&)
 .text._Z12cam_getFramePhmhtttt
                0x10004148       0xe4 /home/weyoui/PROJECTS/SmartCart/Pixy/pixy/src/device/libpixy_m4/Release/liblibpixy_m4.a(camera.o)
                0x10004148                cam_getFrame(unsigned char*, unsigned long, unsigned char, unsigned short, unsigned short, unsigned short, unsigned short)
 .text._Z22cam_getFrameChirpFlagsRKhRKtS2_S2_S2_P5Chirph
                0x1000422c       0x94 /home/weyoui/PROJECTS/SmartCart/Pixy/pixy/src/device/libpixy_m4/Release/liblibpixy_m4.a(camera.o)
                0x1000422c                cam_getFrameChirpFlags(unsigned char const&, unsigned short const&, unsigned short const&, unsigned short const&, unsigned short const&, Chirp*, unsigned char)
 .text._Z17cam_getFrameChirpRKhRKtS2_S2_S2_P5Chirp
                0x100042c0       0x16 /home/weyoui/PROJECTS/SmartCart/Pixy/pixy/src/device/libpixy_m4/Release/liblibpixy_m4.a(camera.o)
                0x100042c0                cam_getFrameChirp(unsigned char const&, unsigned short const&, unsigned short const&, unsigned short const&, unsigned short const&, Chirp*)
 *fill*         0x100042d6        0x2 
 .text._Z14cam_loadParamsv
                0x100042d8      0x168 /home/weyoui/PROJECTS/SmartCart/Pixy/pixy/src/device/libpixy_m4/Release/liblibpixy_m4.a(camera.o)
                0x100042d8                cam_loadParams()
 .text._Z8cam_initv
                0x10004440       0x7c /home/weyoui/PROJECTS/SmartCart/Pixy/pixy/src/device/libpixy_m4/Release/liblibpixy_m4.a(camera.o)
                0x10004440                cam_init()
 .text.startup._GLOBAL__sub_I_g_sccb
                0x100044bc       0x10 /home/weyoui/PROJECTS/SmartCart/Pixy/pixy/src/device/libpixy_m4/Release/liblibpixy_m4.a(camera.o)
 .text._ZN5Chirp11handleXdataEPPKv
                0x100044cc        0x2 /home/weyoui/PROJECTS/SmartCart/Pixy/pixy/src/device/libpixy_m4/Release/liblibpixy_m4.a(chirp.o)
                0x100044cc                Chirp::handleXdata(void const**)
 .text._ZN5Chirp4initEb
                0x100044ce        0x4 /home/weyoui/PROJECTS/SmartCart/Pixy/pixy/src/device/libpixy_m4/Release/liblibpixy_m4.a(chirp.o)
                0x100044ce                Chirp::init(bool)
 .text._Z9copyAlignPcPKci
                0x100044d2       0x12 /home/weyoui/PROJECTS/SmartCart/Pixy/pixy/src/device/libpixy_m4/Release/liblibpixy_m4.a(chirp.o)
                0x100044d2                copyAlign(char*, char const*, int)
 .text._ZN5Chirp9connectedEv
                0x100044e4        0x6 /home/weyoui/PROJECTS/SmartCart/Pixy/pixy/src/device/libpixy_m4/Release/liblibpixy_m4.a(chirp.o)
                0x100044e4                Chirp::connected()
 .text._ZN5Chirp13restoreBufferEv
                0x100044ea        0xc /home/weyoui/PROJECTS/SmartCart/Pixy/pixy/src/device/libpixy_m4/Release/liblibpixy_m4.a(chirp.o)
                0x100044ea                Chirp::restoreBuffer()
 .text._ZN5Chirp8loadArgsEPSt9__va_listPPv
                0x100044f6       0x84 /home/weyoui/PROJECTS/SmartCart/Pixy/pixy/src/device/libpixy_m4/Release/liblibpixy_m4.a(chirp.o)
                0x100044f6                Chirp::loadArgs(std::__va_list*, void**)
 .text._ZN5Chirp14sendChirpRetryEhs
                0x1000457a       0x58 /home/weyoui/PROJECTS/SmartCart/Pixy/pixy/src/device/libpixy_m4/Release/liblibpixy_m4.a(chirp.o)
                0x1000457a                Chirp::sendChirpRetry(unsigned char, short)
 .text._ZN5Chirp9useBufferEPhm
                0x100045d2       0x3e /home/weyoui/PROJECTS/SmartCart/Pixy/pixy/src/device/libpixy_m4/Release/liblibpixy_m4.a(chirp.o)
                0x100045d2                Chirp::useBuffer(unsigned char*, unsigned long)
 .text._ZN5Chirp12reallocTableEv
                0x10004610       0x44 /home/weyoui/PROJECTS/SmartCart/Pixy/pixy/src/device/libpixy_m4/Release/liblibpixy_m4.a(chirp.o)
                0x10004610                Chirp::reallocTable()
 .text._ZN5Chirp11lookupTableEPKc
                0x10004654       0x32 /home/weyoui/PROJECTS/SmartCart/Pixy/pixy/src/device/libpixy_m4/Release/liblibpixy_m4.a(chirp.o)
                0x10004654                Chirp::lookupTable(char const*)
 .text._ZN5Chirp11updateTableEPKcPFmPS_E
                0x10004686       0x52 /home/weyoui/PROJECTS/SmartCart/Pixy/pixy/src/device/libpixy_m4/Release/liblibpixy_m4.a(chirp.o)
                0x10004686                Chirp::updateTable(char const*, unsigned long (*)(Chirp*))
 .text._ZN5Chirp7setProcEPKcPFmPS_EP18ProcTableExtension
                0x100046d8       0x20 /home/weyoui/PROJECTS/SmartCart/Pixy/pixy/src/device/libpixy_m4/Release/liblibpixy_m4.a(chirp.o)
                0x100046d8                Chirp::setProc(char const*, unsigned long (*)(Chirp*), ProcTableExtension*)
 .text._ZN5Chirp14registerModuleEPK10ProcModule
                0x100046f8       0x22 /home/weyoui/PROJECTS/SmartCart/Pixy/pixy/src/device/libpixy_m4/Release/liblibpixy_m4.a(chirp.o)
                0x100046f8                Chirp::registerModule(ProcModule const*)
 .text._ZN5Chirp14setSendTimeoutEm
                0x1000471a        0x4 /home/weyoui/PROJECTS/SmartCart/Pixy/pixy/src/device/libpixy_m4/Release/liblibpixy_m4.a(chirp.o)
                0x1000471a                Chirp::setSendTimeout(unsigned long)
 .text._ZN5Chirp14setRecvTimeoutEm
                0x1000471e        0x4 /home/weyoui/PROJECTS/SmartCart/Pixy/pixy/src/device/libpixy_m4/Release/liblibpixy_m4.a(chirp.o)
                0x1000471e                Chirp::setRecvTimeout(unsigned long)
 .text._ZN5Chirp15handleEnumerateEPcPs
                0x10004722       0x16 /home/weyoui/PROJECTS/SmartCart/Pixy/pixy/src/device/libpixy_m4/Release/liblibpixy_m4.a(chirp.o)
                0x10004722                Chirp::handleEnumerate(char*, short*)
 .text._ZN5Chirp7reallocEm
                0x10004738       0x44 /home/weyoui/PROJECTS/SmartCart/Pixy/pixy/src/device/libpixy_m4/Release/liblibpixy_m4.a(chirp.o)
                0x10004738                Chirp::realloc(unsigned long)
 .text._ZN5Chirp10vserializeEPS_PhmPSt9__va_list
                0x1000477c      0x206 /home/weyoui/PROJECTS/SmartCart/Pixy/pixy/src/device/libpixy_m4/Release/liblibpixy_m4.a(chirp.o)
                0x1000477c                Chirp::vserialize(Chirp*, unsigned char*, unsigned long, std::__va_list*)
 .text._ZN5Chirp9vassembleEPSt9__va_list
                0x10004982       0x1c /home/weyoui/PROJECTS/SmartCart/Pixy/pixy/src/device/libpixy_m4/Release/liblibpixy_m4.a(chirp.o)
                0x10004982                Chirp::vassemble(std::__va_list*)
 .text._ZN5Chirp8assembleEhz
                0x1000499e       0x4e /home/weyoui/PROJECTS/SmartCart/Pixy/pixy/src/device/libpixy_m4/Release/liblibpixy_m4.a(chirp.o)
                0x1000499e                Chirp::assemble(unsigned char, ...)
 .text._ZN5Chirp10handleInitEPtPh
                0x100049ec       0x48 /home/weyoui/PROJECTS/SmartCart/Pixy/pixy/src/device/libpixy_m4/Release/liblibpixy_m4.a(chirp.o)
                0x100049ec                Chirp::handleInit(unsigned short*, unsigned char*)
 .text._ZN5Chirp19handleEnumerateInfoEPs
                0x10004a34       0x64 /home/weyoui/PROJECTS/SmartCart/Pixy/pixy/src/device/libpixy_m4/Release/liblibpixy_m4.a(chirp.o)
                0x10004a34                Chirp::handleEnumerateInfo(short*)
 .text._ZN5Chirp11handleChirpEhsPPKv
                0x10004a98      0x1be /home/weyoui/PROJECTS/SmartCart/Pixy/pixy/src/device/libpixy_m4/Release/liblibpixy_m4.a(chirp.o)
                0x10004a98                Chirp::handleChirp(unsigned char, short, void const**)
 .text._ZN5Chirp9serializeEPS_Phmz
                0x10004c56       0x1e /home/weyoui/PROJECTS/SmartCart/Pixy/pixy/src/device/libpixy_m4/Release/liblibpixy_m4.a(chirp.o)
                0x10004c56                Chirp::serialize(Chirp*, unsigned char*, unsigned long, ...)
 .text._ZN5Chirp10getArgListEPhmS0_
                0x10004c74       0x84 /home/weyoui/PROJECTS/SmartCart/Pixy/pixy/src/device/libpixy_m4/Release/liblibpixy_m4.a(chirp.o)
                0x10004c74                Chirp::getArgList(unsigned char*, unsigned long, unsigned char*)
 .text._ZN5Chirp16deserializeParseEPhmPPv
                0x10004cf8       0xae /home/weyoui/PROJECTS/SmartCart/Pixy/pixy/src/device/libpixy_m4/Release/liblibpixy_m4.a(chirp.o)
                0x10004cf8                Chirp::deserializeParse(unsigned char*, unsigned long, void**)
 .text._ZN5Chirp12vdeserializeEPhmPSt9__va_list
                0x10004da6       0x1c /home/weyoui/PROJECTS/SmartCart/Pixy/pixy/src/device/libpixy_m4/Release/liblibpixy_m4.a(chirp.o)
                0x10004da6                Chirp::vdeserialize(unsigned char*, unsigned long, std::__va_list*)
 .text._ZN5Chirp7calcCrcEPhm
                0x10004dc2       0x1a /home/weyoui/PROJECTS/SmartCart/Pixy/pixy/src/device/libpixy_m4/Release/liblibpixy_m4.a(chirp.o)
                0x10004dc2                Chirp::calcCrc(unsigned char*, unsigned long)
 .text._ZN5Chirp8sendFullEhs
                0x10004ddc       0x50 /home/weyoui/PROJECTS/SmartCart/Pixy/pixy/src/device/libpixy_m4/Release/liblibpixy_m4.a(chirp.o)
                0x10004ddc                Chirp::sendFull(unsigned char, short)
 .text._ZN5Chirp7sendAckEb
                0x10004e2c       0x2e /home/weyoui/PROJECTS/SmartCart/Pixy/pixy/src/device/libpixy_m4/Release/liblibpixy_m4.a(chirp.o)
                0x10004e2c                Chirp::sendAck(bool)
 *fill*         0x10004e5a        0x2 
 .text._ZN5Chirp10recvHeaderEPhPsb
                0x10004e5c       0xf4 /home/weyoui/PROJECTS/SmartCart/Pixy/pixy/src/device/libpixy_m4/Release/liblibpixy_m4.a(chirp.o)
                0x10004e5c                Chirp::recvHeader(unsigned char*, short*, bool)
 .text._ZN5Chirp8recvFullEPhPsb
                0x10004f50       0x98 /home/weyoui/PROJECTS/SmartCart/Pixy/pixy/src/device/libpixy_m4/Release/liblibpixy_m4.a(chirp.o)
                0x10004f50                Chirp::recvFull(unsigned char*, short*, bool)
 .text._ZN5Chirp8recvDataEv
                0x10004fe8       0xda /home/weyoui/PROJECTS/SmartCart/Pixy/pixy/src/device/libpixy_m4/Release/liblibpixy_m4.a(chirp.o)
                0x10004fe8                Chirp::recvData()
 .text._ZN5Chirp9recvChirpEPhPsPPvb
                0x100050c2       0x8c /home/weyoui/PROJECTS/SmartCart/Pixy/pixy/src/device/libpixy_m4/Release/liblibpixy_m4.a(chirp.o)
                0x100050c2                Chirp::recvChirp(unsigned char*, short*, void**, bool)
 .text._ZN5Chirp4callEhsSt9__va_list
                0x1000514e       0xdc /home/weyoui/PROJECTS/SmartCart/Pixy/pixy/src/device/libpixy_m4/Release/liblibpixy_m4.a(chirp.o)
                0x1000514e                Chirp::call(unsigned char, short, std::__va_list)
 .text._ZN5Chirp4callEhsz
                0x1000522a       0x1a /home/weyoui/PROJECTS/SmartCart/Pixy/pixy/src/device/libpixy_m4/Release/liblibpixy_m4.a(chirp.o)
                0x1000522a                Chirp::call(unsigned char, short, ...)
 .text._ZN5Chirp7getProcEPKcPFmPS_E
                0x10005244       0x44 /home/weyoui/PROJECTS/SmartCart/Pixy/pixy/src/device/libpixy_m4/Release/liblibpixy_m4.a(chirp.o)
                0x10005244                Chirp::getProc(char const*, unsigned long (*)(Chirp*))
 .text._ZN5Chirp10remoteInitEb
                0x10005288       0x50 /home/weyoui/PROJECTS/SmartCart/Pixy/pixy/src/device/libpixy_m4/Release/liblibpixy_m4.a(chirp.o)
                0x10005288                Chirp::remoteInit(bool)
 .text._ZN5Chirp7setLinkEP4Link
                0x100052d8       0x7c /home/weyoui/PROJECTS/SmartCart/Pixy/pixy/src/device/libpixy_m4/Release/liblibpixy_m4.a(chirp.o)
                0x100052d8                Chirp::setLink(Link*)
 .text._ZN5ChirpC2EbbP4Link
                0x10005354       0x70 /home/weyoui/PROJECTS/SmartCart/Pixy/pixy/src/device/libpixy_m4/Release/liblibpixy_m4.a(chirp.o)
                0x10005354                Chirp::Chirp(bool, bool, Link*)
                0x10005354                Chirp::Chirp(bool, bool, Link*)
 .text._ZN5Chirp7serviceEb
                0x100053c4       0x3e /home/weyoui/PROJECTS/SmartCart/Pixy/pixy/src/device/libpixy_m4/Release/liblibpixy_m4.a(chirp.o)
                0x100053c4                Chirp::service(bool)
 .text._ZN5Chirp7recvAckEPbt
                0x10005402       0x3c /home/weyoui/PROJECTS/SmartCart/Pixy/pixy/src/device/libpixy_m4/Release/liblibpixy_m4.a(chirp.o)
                0x10005402                Chirp::recvAck(bool*, unsigned short)
 .text._ZN5Chirp8sendDataEv
                0x1000543e       0xb0 /home/weyoui/PROJECTS/SmartCart/Pixy/pixy/src/device/libpixy_m4/Release/liblibpixy_m4.a(chirp.o)
                0x1000543e                Chirp::sendData()
 *fill*         0x100054ee        0x2 
 .text._ZN5Chirp10sendHeaderEhs
                0x100054f0       0xb8 /home/weyoui/PROJECTS/SmartCart/Pixy/pixy/src/device/libpixy_m4/Release/liblibpixy_m4.a(chirp.o)
                0x100054f0                Chirp::sendHeader(unsigned char, short)
 .text._ZN5Chirp9sendChirpEhs
                0x100055a8       0x30 /home/weyoui/PROJECTS/SmartCart/Pixy/pixy/src/device/libpixy_m4/Release/liblibpixy_m4.a(chirp.o)
                0x100055a8                Chirp::sendChirp(unsigned char, short)
 .text._ZN9IterPixel5resetEb
                0x100055d8       0x58 /home/weyoui/PROJECTS/SmartCart/Pixy/pixy/src/device/libpixy_m4/Release/liblibpixy_m4.a(colorlut.o)
                0x100055d8                IterPixel::reset(bool)
 .text._ZN9IterPixelC2ERK6Frame8RK5RectA
                0x10005630       0x32 /home/weyoui/PROJECTS/SmartCart/Pixy/pixy/src/device/libpixy_m4/Release/liblibpixy_m4.a(colorlut.o)
                0x10005630                IterPixel::IterPixel(Frame8 const&, RectA const&)
                0x10005630                IterPixel::IterPixel(Frame8 const&, RectA const&)
 .text._ZN9IterPixelC2ERK6Frame8PK12SimpleVectorI7Point16E
                0x10005662       0x28 /home/weyoui/PROJECTS/SmartCart/Pixy/pixy/src/device/libpixy_m4/Release/liblibpixy_m4.a(colorlut.o)
                0x10005662                IterPixel::IterPixel(Frame8 const&, SimpleVector<Point16> const*)
                0x10005662                IterPixel::IterPixel(Frame8 const&, SimpleVector<Point16> const*)
 .text._ZN9IterPixel10nextHelperEP7UVPixelP8RGBPixel
                0x1000568a       0x9e /home/weyoui/PROJECTS/SmartCart/Pixy/pixy/src/device/libpixy_m4/Release/liblibpixy_m4.a(colorlut.o)
                0x1000568a                IterPixel::nextHelper(UVPixel*, RGBPixel*)
 .text._ZN9IterPixel4nextEP7UVPixelP8RGBPixel
                0x10005728       0x2c /home/weyoui/PROJECTS/SmartCart/Pixy/pixy/src/device/libpixy_m4/Release/liblibpixy_m4.a(colorlut.o)
                0x10005728                IterPixel::next(UVPixel*, RGBPixel*)
 .text._ZN9IterPixel10averageRgbEPm
                0x10005754       0x6c /home/weyoui/PROJECTS/SmartCart/Pixy/pixy/src/device/libpixy_m4/Release/liblibpixy_m4.a(colorlut.o)
                0x10005754                IterPixel::averageRgb(unsigned long*)
 .text._ZN8ColorLUT10calcRatiosEP9IterPixelP14ColorSignaturePf
                0x100057c0       0xc4 /home/weyoui/PROJECTS/SmartCart/Pixy/pixy/src/device/libpixy_m4/Release/liblibpixy_m4.a(colorlut.o)
                0x100057c0                ColorLUT::calcRatios(IterPixel*, ColorSignature*, float*)
 .text._ZN8ColorLUT7iterateEP9IterPixelP14ColorSignature
                0x10005884       0x90 /home/weyoui/PROJECTS/SmartCart/Pixy/pixy/src/device/libpixy_m4/Release/liblibpixy_m4.a(colorlut.o)
                0x10005884                ColorLUT::iterate(IterPixel*, ColorSignature*)
 .text._ZN8ColorLUT15updateSignatureEh
                0x10005914       0xc2 /home/weyoui/PROJECTS/SmartCart/Pixy/pixy/src/device/libpixy_m4/Release/liblibpixy_m4.a(colorlut.o)
                0x10005914                ColorLUT::updateSignature(unsigned char)
 .text._ZN8ColorLUT17generateSignatureERK6Frame8RK5RectAh
                0x100059d6       0x44 /home/weyoui/PROJECTS/SmartCart/Pixy/pixy/src/device/libpixy_m4/Release/liblibpixy_m4.a(colorlut.o)
                0x100059d6                ColorLUT::generateSignature(Frame8 const&, RectA const&, unsigned char)
 .text._ZN8ColorLUT12getSignatureEh
                0x10005a1a       0x16 /home/weyoui/PROJECTS/SmartCart/Pixy/pixy/src/device/libpixy_m4/Release/liblibpixy_m4.a(colorlut.o)
                0x10005a1a                ColorLUT::getSignature(unsigned char)
 .text._ZN8ColorLUT12setSignatureEhRK14ColorSignature
                0x10005a30       0x32 /home/weyoui/PROJECTS/SmartCart/Pixy/pixy/src/device/libpixy_m4/Release/liblibpixy_m4.a(colorlut.o)
                0x10005a30                ColorLUT::setSignature(unsigned char, ColorSignature const&)
 .text._ZN8ColorLUT8clearLUTEh
                0x10005a62       0x22 /home/weyoui/PROJECTS/SmartCart/Pixy/pixy/src/device/libpixy_m4/Release/liblibpixy_m4.a(colorlut.o)
                0x10005a62                ColorLUT::clearLUT(unsigned char)
 .text._ZN8ColorLUT11generateLUTEv
                0x10005a84       0xdc /home/weyoui/PROJECTS/SmartCart/Pixy/pixy/src/device/libpixy_m4/Release/liblibpixy_m4.a(colorlut.o)
                0x10005a84                ColorLUT::generateLUT()
 .text._ZN8ColorLUTC2EPh
                0x10005b60       0x94 /home/weyoui/PROJECTS/SmartCart/Pixy/pixy/src/device/libpixy_m4/Release/liblibpixy_m4.a(colorlut.o)
                0x10005b60                ColorLUT::ColorLUT(unsigned char*)
                0x10005b60                ColorLUT::ColorLUT(unsigned char*)
 .text._ZN8ColorLUT10growRegionEP5RectARK6Frame8h
                0x10005bf4       0x6a /home/weyoui/PROJECTS/SmartCart/Pixy/pixy/src/device/libpixy_m4/Release/liblibpixy_m4.a(colorlut.o)
                0x10005bf4                ColorLUT::growRegion(RectA*, Frame8 const&, unsigned char)
 .text._ZN8ColorLUT7getMeanERK5RectARK6Frame8P7UVPixel
                0x10005c5e       0x6c /home/weyoui/PROJECTS/SmartCart/Pixy/pixy/src/device/libpixy_m4/Release/liblibpixy_m4.a(colorlut.o)
                0x10005c5e                ColorLUT::getMean(RectA const&, Frame8 const&, UVPixel*)
 .text._ZN8ColorLUT11setSigRangeEhf
                0x10005cca       0x10 /home/weyoui/PROJECTS/SmartCart/Pixy/pixy/src/device/libpixy_m4/Release/liblibpixy_m4.a(colorlut.o)
                0x10005cca                ColorLUT::setSigRange(unsigned char, float)
 .text._ZN8ColorLUT11setGrowDistEm
                0x10005cda        0x6 /home/weyoui/PROJECTS/SmartCart/Pixy/pixy/src/device/libpixy_m4/Release/liblibpixy_m4.a(colorlut.o)
                0x10005cda                ColorLUT::setGrowDist(unsigned long)
 .text._ZN8ColorLUT16setMinBrightnessEf
                0x10005ce0       0x24 /home/weyoui/PROJECTS/SmartCart/Pixy/pixy/src/device/libpixy_m4/Release/liblibpixy_m4.a(colorlut.o)
                0x10005ce0                ColorLUT::setMinBrightness(float)
 .text._ZN8ColorLUT9setCCGainEf
                0x10005d04        0x6 /home/weyoui/PROJECTS/SmartCart/Pixy/pixy/src/device/libpixy_m4/Release/liblibpixy_m4.a(colorlut.o)
                0x10005d04                ColorLUT::setCCGain(float)
 .text._ZN8ColorLUT7getTypeEh
                0x10005d0a       0x12 /home/weyoui/PROJECTS/SmartCart/Pixy/pixy/src/device/libpixy_m4/Release/liblibpixy_m4.a(colorlut.o)
                0x10005d0a                ColorLUT::getType(unsigned char)
 .text._ZN12SimpleVectorI7Point16E9push_backERKS0_
                0x10005d1c       0x90 /home/weyoui/PROJECTS/SmartCart/Pixy/pixy/src/device/libpixy_m4/Release/liblibpixy_m4.a(colorlut.o)
                0x10005d1c                SimpleVector<Point16>::push_back(Point16 const&)
 .text._ZN8ColorLUT10testRegionERK5RectARK6Frame8P7UVPixelP12SimpleVectorI7Point16E
                0x10005dac      0x130 /home/weyoui/PROJECTS/SmartCart/Pixy/pixy/src/device/libpixy_m4/Release/liblibpixy_m4.a(colorlut.o)
                0x10005dac                ColorLUT::testRegion(RectA const&, Frame8 const&, UVPixel*, SimpleVector<Point16>*)
 .text._ZN8ColorLUT10growRegionERK6Frame8RK7Point16P12SimpleVectorIS3_E
                0x10005edc      0x1a4 /home/weyoui/PROJECTS/SmartCart/Pixy/pixy/src/device/libpixy_m4/Release/liblibpixy_m4.a(colorlut.o)
                0x10005edc                ColorLUT::growRegion(Frame8 const&, Point16 const&, SimpleVector<Point16>*)
 .text._ZN8ColorLUT17generateSignatureERK6Frame8RK7Point16P12SimpleVectorIS3_Eh
                0x10006080       0x5a /home/weyoui/PROJECTS/SmartCart/Pixy/pixy/src/device/libpixy_m4/Release/liblibpixy_m4.a(colorlut.o)
                0x10006080                ColorLUT::generateSignature(Frame8 const&, Point16 const&, SimpleVector<Point16>*, unsigned char)
 *fill*         0x100060da        0x2 
 .text._Z17led_getMaxCurrentv
                0x100060dc       0x20 /home/weyoui/PROJECTS/SmartCart/Pixy/pixy/src/device/libpixy_m4/Release/liblibpixy_m4.a(led.o)
                0x100060dc                led_getMaxCurrent()
 .text._Z10led_setPWMht
                0x100060fc       0x4c /home/weyoui/PROJECTS/SmartCart/Pixy/pixy/src/device/libpixy_m4/Release/liblibpixy_m4.a(led.o)
                0x100060fc                led_setPWM(unsigned char, unsigned short)
 .text._Z7led_sethhb
                0x10006148       0xbc /home/weyoui/PROJECTS/SmartCart/Pixy/pixy/src/device/libpixy_m4/Release/liblibpixy_m4.a(led.o)
                0x10006148                led_set(unsigned char, unsigned char, bool)
 .text._Z10led_setRGBRKhS0_S0_
                0x10006204       0x28 /home/weyoui/PROJECTS/SmartCart/Pixy/pixy/src/device/libpixy_m4/Release/liblibpixy_m4.a(led.o)
                0x10006204                led_setRGB(unsigned char const&, unsigned char const&, unsigned char const&)
 .text._Z7led_setRKm
                0x1000622c       0x2a /home/weyoui/PROJECTS/SmartCart/Pixy/pixy/src/device/libpixy_m4/Release/liblibpixy_m4.a(led.o)
                0x1000622c                led_set(unsigned long const&)
 *fill*         0x10006256        0x2 
 .text._Z17led_setMaxCurrentRKm
                0x10006258       0xfc /home/weyoui/PROJECTS/SmartCart/Pixy/pixy/src/device/libpixy_m4/Release/liblibpixy_m4.a(led.o)
                0x10006258                led_setMaxCurrent(unsigned long const&)
 .text._Z8led_initv
                0x10006354      0x150 /home/weyoui/PROJECTS/SmartCart/Pixy/pixy/src/device/libpixy_m4/Release/liblibpixy_m4.a(led.o)
                0x10006354                led_init()
 .text.I2C_Init
                0x100064a4       0x84 /home/weyoui/PROJECTS/SmartCart/Pixy/pixy/src/device/libpixy_m4/Release/liblibpixy_m4.a(lpc43xx_i2c.o)
                0x100064a4                I2C_Init
 .text.I2C_SetOwnSlaveAddr
                0x10006528       0x58 /home/weyoui/PROJECTS/SmartCart/Pixy/pixy/src/device/libpixy_m4/Release/liblibpixy_m4.a(lpc43xx_i2c.o)
                0x10006528                I2C_SetOwnSlaveAddr
 .text.scu_pinmux
                0x10006580       0x14 /home/weyoui/PROJECTS/SmartCart/Pixy/pixy/src/device/libpixy_m4/Release/liblibpixy_m4.a(lpc43xx_scu.o)
                0x10006580                scu_pinmux
 .text.SSP_Init
                0x10006594       0x9c /home/weyoui/PROJECTS/SmartCart/Pixy/pixy/src/device/libpixy_m4/Release/liblibpixy_m4.a(lpc43xx_ssp.o)
                0x10006594                SSP_Init
 .text.SSP_Cmd  0x10006630       0x12 /home/weyoui/PROJECTS/SmartCart/Pixy/pixy/src/device/libpixy_m4/Release/liblibpixy_m4.a(lpc43xx_ssp.o)
                0x10006630                SSP_Cmd
 .text.SSP_IntConfig
                0x10006642       0x14 /home/weyoui/PROJECTS/SmartCart/Pixy/pixy/src/device/libpixy_m4/Release/liblibpixy_m4.a(lpc43xx_ssp.o)
                0x10006642                SSP_IntConfig
 .text.SSP_ClearIntPending
                0x10006656        0x4 /home/weyoui/PROJECTS/SmartCart/Pixy/pixy/src/device/libpixy_m4/Release/liblibpixy_m4.a(lpc43xx_ssp.o)
                0x10006656                SSP_ClearIntPending
 .text.UART_Send.part.0
                0x1000665a       0x3c /home/weyoui/PROJECTS/SmartCart/Pixy/pixy/src/device/libpixy_m4/Release/liblibpixy_m4.a(lpc43xx_uart.o)
 *fill*         0x10006696        0x2 
 .text.UART_setBaudRate
                0x10006698      0x13c /home/weyoui/PROJECTS/SmartCart/Pixy/pixy/src/device/libpixy_m4/Release/liblibpixy_m4.a(lpc43xx_uart.o)
                0x10006698                UART_setBaudRate
 .text.UART_Init
                0x100067d4      0x108 /home/weyoui/PROJECTS/SmartCart/Pixy/pixy/src/device/libpixy_m4/Release/liblibpixy_m4.a(lpc43xx_uart.o)
                0x100067d4                UART_Init
 .text.UART_ConfigStructInit
                0x100068dc       0x14 /home/weyoui/PROJECTS/SmartCart/Pixy/pixy/src/device/libpixy_m4/Release/liblibpixy_m4.a(lpc43xx_uart.o)
                0x100068dc                UART_ConfigStructInit
 .text.UART_Send
                0x100068f0       0x4a /home/weyoui/PROJECTS/SmartCart/Pixy/pixy/src/device/libpixy_m4/Release/liblibpixy_m4.a(lpc43xx_uart.o)
                0x100068f0                UART_Send
 *fill*         0x1000693a        0x2 
 .text.UART_IntConfig
                0x1000693c       0x3c /home/weyoui/PROJECTS/SmartCart/Pixy/pixy/src/device/libpixy_m4/Release/liblibpixy_m4.a(lpc43xx_uart.o)
                0x1000693c                UART_IntConfig
 .text.UART_FIFOConfig
                0x10006978       0x3c /home/weyoui/PROJECTS/SmartCart/Pixy/pixy/src/device/libpixy_m4/Release/liblibpixy_m4.a(lpc43xx_uart.o)
                0x10006978                UART_FIFOConfig
 .text.UART_TxCmd
                0x100069b4       0x34 /home/weyoui/PROJECTS/SmartCart/Pixy/pixy/src/device/libpixy_m4/Release/liblibpixy_m4.a(lpc43xx_uart.o)
                0x100069b4                UART_TxCmd
 .text.delayus  0x100069e8       0x14 /home/weyoui/PROJECTS/SmartCart/Pixy/pixy/src/device/libpixy_m4/Release/liblibpixy_m4.a(misc.o)
                0x100069e8                delayus
 .text.button   0x100069fc       0x34 /home/weyoui/PROJECTS/SmartCart/Pixy/pixy/src/device/libpixy_m4/Release/liblibpixy_m4.a(misc.o)
                0x100069fc                button
 .text.adc_get  0x10006a30       0x48 /home/weyoui/PROJECTS/SmartCart/Pixy/pixy/src/device/libpixy_m4/Release/liblibpixy_m4.a(misc.o)
                0x10006a30                adc_get
 .text.setTimer
                0x10006a78        0xc /home/weyoui/PROJECTS/SmartCart/Pixy/pixy/src/device/libpixy_m4/Release/liblibpixy_m4.a(misc.o)
                0x10006a78                setTimer
 .text.getTimer
                0x10006a84        0xc /home/weyoui/PROJECTS/SmartCart/Pixy/pixy/src/device/libpixy_m4/Release/liblibpixy_m4.a(misc.o)
                0x10006a84                getTimer
 .text._Z12prm_setDirtyv
                0x10006a90       0x10 /home/weyoui/PROJECTS/SmartCart/Pixy/pixy/src/device/libpixy_m4/Release/liblibpixy_m4.a(param.o)
                0x10006a90                prm_setDirty()
 .text._Z16prm_resetShadowsv
                0x10006aa0       0x48 /home/weyoui/PROJECTS/SmartCart/Pixy/pixy/src/device/libpixy_m4/Release/liblibpixy_m4.a(param.o)
                0x10006aa0                prm_resetShadows()
 .text._Z10prm_formatv
                0x10006ae8       0x34 /home/weyoui/PROJECTS/SmartCart/Pixy/pixy/src/device/libpixy_m4/Release/liblibpixy_m4.a(param.o)
                0x10006ae8                prm_format()
 .text._ZN12SimpleVectorI6ShadowED2Ev
                0x10006b1c       0x10 /home/weyoui/PROJECTS/SmartCart/Pixy/pixy/src/device/libpixy_m4/Release/liblibpixy_m4.a(param.o)
                0x10006b1c                SimpleVector<Shadow>::~SimpleVector()
                0x10006b1c                SimpleVector<Shadow>::~SimpleVector()
 .text._Z8prm_initP5Chirp
                0x10006b2c       0x10 /home/weyoui/PROJECTS/SmartCart/Pixy/pixy/src/device/libpixy_m4/Release/liblibpixy_m4.a(param.o)
                0x10006b2c                prm_init(Chirp*)
 .text._Z14prm_findShadowPKc
                0x10006b3c       0x30 /home/weyoui/PROJECTS/SmartCart/Pixy/pixy/src/device/libpixy_m4/Release/liblibpixy_m4.a(param.o)
                0x10006b3c                prm_findShadow(char const*)
 .text._Z18prm_setShadowChirpPKcRKmPKh
                0x10006b6c       0x5e /home/weyoui/PROJECTS/SmartCart/Pixy/pixy/src/device/libpixy_m4/Release/liblibpixy_m4.a(param.o)
                0x10006b6c                prm_setShadowChirp(char const*, unsigned long const&, unsigned char const*)
 .text._Z11prm_getDescP11ParamRecord
                0x10006bca       0x10 /home/weyoui/PROJECTS/SmartCart/Pixy/pixy/src/device/libpixy_m4/Release/liblibpixy_m4.a(param.o)
                0x10006bca                prm_getDesc(ParamRecord*)
 *fill*         0x10006bda        0x2 
 .text._Z11prm_getInfoPKcP5Chirp
                0x10006bdc       0x68 /home/weyoui/PROJECTS/SmartCart/Pixy/pixy/src/device/libpixy_m4/Release/liblibpixy_m4.a(param.o)
                0x10006bdc                prm_getInfo(char const*, Chirp*)
 .text._Z17prm_getDataOffsetPK11ParamRecord
                0x10006c44       0x26 /home/weyoui/PROJECTS/SmartCart/Pixy/pixy/src/device/libpixy_m4/Release/liblibpixy_m4.a(param.o)
                0x10006c44                prm_getDataOffset(ParamRecord const*)
 *fill*         0x10006c6a        0x2 
 .text._Z10prm_getAllRKtP5Chirp
                0x10006c6c       0xb4 /home/weyoui/PROJECTS/SmartCart/Pixy/pixy/src/device/libpixy_m4/Release/liblibpixy_m4.a(param.o)
                0x10006c6c                prm_getAll(unsigned short const&, Chirp*)
 .text._Z7prm_crcPK11ParamRecord
                0x10006d20       0x28 /home/weyoui/PROJECTS/SmartCart/Pixy/pixy/src/device/libpixy_m4/Release/liblibpixy_m4.a(param.o)
                0x10006d20                prm_crc(ParamRecord const*)
 .text._Z8prm_findPKcPh
                0x10006d48       0x4c /home/weyoui/PROJECTS/SmartCart/Pixy/pixy/src/device/libpixy_m4/Release/liblibpixy_m4.a(param.o)
                0x10006d48                prm_find(char const*, unsigned char*)
 .text._Z12prm_getChirpPKcP5Chirp
                0x10006d94       0x52 /home/weyoui/PROJECTS/SmartCart/Pixy/pixy/src/device/libpixy_m4/Release/liblibpixy_m4.a(param.o)
                0x10006d94                prm_getChirp(char const*, Chirp*)
 *fill*         0x10006de6        0x2 
 .text._Z12prm_nextFreev
                0x10006de8       0x30 /home/weyoui/PROJECTS/SmartCart/Pixy/pixy/src/device/libpixy_m4/Release/liblibpixy_m4.a(param.o)
                0x10006de8                prm_nextFree()
 .text._Z7prm_getPKcz
                0x10006e18       0x50 /home/weyoui/PROJECTS/SmartCart/Pixy/pixy/src/device/libpixy_m4/Release/liblibpixy_m4.a(param.o)
                0x10006e18                prm_get(char const*, ...)
 .text._Z7prm_addPKcmS0_z
                0x10006e68       0xc2 /home/weyoui/PROJECTS/SmartCart/Pixy/pixy/src/device/libpixy_m4/Release/liblibpixy_m4.a(param.o)
                0x10006e68                prm_add(char const*, unsigned long, char const*, ...)
 *fill*         0x10006f2a        0x2 
 .text._Z12prm_setChirpPKcRKmPKh
                0x10006f2c       0xe8 /home/weyoui/PROJECTS/SmartCart/Pixy/pixy/src/device/libpixy_m4/Release/liblibpixy_m4.a(param.o)
                0x10006f2c                prm_setChirp(char const*, unsigned long const&, unsigned char const*)
 .text._Z7prm_setPKcz
                0x10007014       0x38 /home/weyoui/PROJECTS/SmartCart/Pixy/pixy/src/device/libpixy_m4/Release/liblibpixy_m4.a(param.o)
                0x10007014                prm_set(char const*, ...)
 .text._Z9prm_dirtyv
                0x1000704c       0x10 /home/weyoui/PROJECTS/SmartCart/Pixy/pixy/src/device/libpixy_m4/Release/liblibpixy_m4.a(param.o)
                0x1000704c                prm_dirty()
 .text._Z21prm_setShadowCallbackPKcPFvS0_PKvE
                0x1000705c       0xc8 /home/weyoui/PROJECTS/SmartCart/Pixy/pixy/src/device/libpixy_m4/Release/liblibpixy_m4.a(param.o)
                0x1000705c                prm_setShadowCallback(char const*, void (*)(char const*, void const*))
 .text.startup._GLOBAL__sub_I__Z8prm_initP5Chirp
                0x10007124       0x30 /home/weyoui/PROJECTS/SmartCart/Pixy/pixy/src/device/libpixy_m4/Release/liblibpixy_m4.a(param.o)
 .text._Z7ADCInitv
                0x10007154       0x24 /home/weyoui/PROJECTS/SmartCart/Pixy/pixy/src/device/libpixy_m4/Release/liblibpixy_m4.a(pixy_init.o)
                0x10007154                ADCInit()
 .text._Z7SCTInitv
                0x10007178       0xde /home/weyoui/PROJECTS/SmartCart/Pixy/pixy/src/device/libpixy_m4/Release/liblibpixy_m4.a(pixy_init.o)
                0x10007178                SCTInit()
 *fill*         0x10007256        0x2 
 .text._Z10CameraInitv
                0x10007258       0x58 /home/weyoui/PROJECTS/SmartCart/Pixy/pixy/src/device/libpixy_m4/Release/liblibpixy_m4.a(pixy_init.o)
                0x10007258                CameraInit()
 .text._Z8GPIOInitv
                0x100072b0       0x24 /home/weyoui/PROJECTS/SmartCart/Pixy/pixy/src/device/libpixy_m4/Release/liblibpixy_m4.a(pixy_init.o)
                0x100072b0                GPIOInit()
 .text._Z9timerInitv
                0x100072d4       0x20 /home/weyoui/PROJECTS/SmartCart/Pixy/pixy/src/device/libpixy_m4/Release/liblibpixy_m4.a(pixy_init.o)
                0x100072d4                timerInit()
 .text._Z10commonInitv
                0x100072f4       0x2c /home/weyoui/PROJECTS/SmartCart/Pixy/pixy/src/device/libpixy_m4/Release/liblibpixy_m4.a(pixy_init.o)
                0x100072f4                commonInit()
 .text._Z9handleAWBv
                0x10007320       0x70 /home/weyoui/PROJECTS/SmartCart/Pixy/pixy/src/device/libpixy_m4/Release/liblibpixy_m4.a(pixy_init.o)
                0x10007320                handleAWB()
 .text._Z8periodicv
                0x10007390       0x1c /home/weyoui/PROJECTS/SmartCart/Pixy/pixy/src/device/libpixy_m4/Release/liblibpixy_m4.a(pixy_init.o)
                0x10007390                periodic()
 .text._Z8pixyInitv
                0x100073ac       0xc4 /home/weyoui/PROJECTS/SmartCart/Pixy/pixy/src/device/libpixy_m4/Release/liblibpixy_m4.a(pixy_init.o)
                0x100073ac                pixyInit()
 .text._Z7cprintfPKcz
                0x10007470       0x34 /home/weyoui/PROJECTS/SmartCart/Pixy/pixy/src/device/libpixy_m4/Release/liblibpixy_m4.a(pixy_init.o)
                0x10007470                cprintf(char const*, ...)
 .text.vIOInit  0x100074a4      0x234 /home/weyoui/PROJECTS/SmartCart/Pixy/pixy/src/device/libpixy_m4/Release/liblibpixy_m4.a(platform_config.o)
                0x100074a4                vIOInit
 .text.TIMER1_IRQHandler
                0x100076d8        0xc /home/weyoui/PROJECTS/SmartCart/Pixy/pixy/src/device/libpixy_m4/Release/liblibpixy_m4.a(platform_config.o)
                0x100076d8                TIMER1_IRQHandler
 .text.clockInit
                0x100076e4      0x1cc /home/weyoui/PROJECTS/SmartCart/Pixy/pixy/src/device/libpixy_m4/Release/liblibpixy_m4.a(platform_config.o)
                0x100076e4                clockInit
 .text.platformInit
                0x100078b0       0x16 /home/weyoui/PROJECTS/SmartCart/Pixy/pixy/src/device/libpixy_m4/Release/liblibpixy_m4.a(platform_config.o)
                0x100078b0                platformInit
 *fill*         0x100078c6        0x2 
 .text._Z14pwr_USBpoweredv
                0x100078c8       0x14 /home/weyoui/PROJECTS/SmartCart/Pixy/pixy/src/device/libpixy_m4/Release/liblibpixy_m4.a(power.o)
                0x100078c8                pwr_USBpowered()
 .text._Z10pwr_getVinv
                0x100078dc       0x16 /home/weyoui/PROJECTS/SmartCart/Pixy/pixy/src/device/libpixy_m4/Release/liblibpixy_m4.a(power.o)
                0x100078dc                pwr_getVin()
 .text._Z9pwr_get5vv
                0x100078f2       0x12 /home/weyoui/PROJECTS/SmartCart/Pixy/pixy/src/device/libpixy_m4/Release/liblibpixy_m4.a(power.o)
                0x100078f2                pwr_get5v()
 .text._Z11pwr_getVbusv
                0x10007904       0x12 /home/weyoui/PROJECTS/SmartCart/Pixy/pixy/src/device/libpixy_m4/Release/liblibpixy_m4.a(power.o)
                0x10007904                pwr_getVbus()
 *fill*         0x10007916        0x2 
 .text._Z8pwr_initv
                0x10007918       0x48 /home/weyoui/PROJECTS/SmartCart/Pixy/pixy/src/device/libpixy_m4/Release/liblibpixy_m4.a(power.o)
                0x10007918                pwr_init()
 .text._ZN6QqueueC2Ev
                0x10007960       0x18 /home/weyoui/PROJECTS/SmartCart/Pixy/pixy/src/device/libpixy_m4/Release/liblibpixy_m4.a(qqueue.o)
                0x10007960                Qqueue::Qqueue()
                0x10007960                Qqueue::Qqueue()
 .text._ZN6Qqueue7dequeueEP4Qval
                0x10007978       0x46 /home/weyoui/PROJECTS/SmartCart/Pixy/pixy/src/device/libpixy_m4/Release/liblibpixy_m4.a(qqueue.o)
                0x10007978                Qqueue::dequeue(Qval*)
 .text._ZN6Qqueue7readAllEP4Qvalm
                0x100079be       0x76 /home/weyoui/PROJECTS/SmartCart/Pixy/pixy/src/device/libpixy_m4/Release/liblibpixy_m4.a(qqueue.o)
                0x100079be                Qqueue::readAll(Qval*, unsigned long)
 .text._ZN6Qqueue5flushEv
                0x10007a34       0x36 /home/weyoui/PROJECTS/SmartCart/Pixy/pixy/src/device/libpixy_m4/Release/liblibpixy_m4.a(qqueue.o)
                0x10007a34                Qqueue::flush()
 *fill*         0x10007a6a        0x2 
 .text._Z10rcs_setPosRKhRKt
                0x10007a6c       0x78 /home/weyoui/PROJECTS/SmartCart/Pixy/pixy/src/device/libpixy_m4/Release/liblibpixy_m4.a(rcservo.o)
                0x10007a6c                rcs_setPos(unsigned char const&, unsigned short const&)
 .text._Z10rcs_getPosRKh
                0x10007ae4       0x18 /home/weyoui/PROJECTS/SmartCart/Pixy/pixy/src/device/libpixy_m4/Release/liblibpixy_m4.a(rcservo.o)
                0x10007ae4                rcs_getPos(unsigned char const&)
 .text._Z10rcs_enableRKhS0_
                0x10007afc       0x4a /home/weyoui/PROJECTS/SmartCart/Pixy/pixy/src/device/libpixy_m4/Release/liblibpixy_m4.a(rcservo.o)
                0x10007afc                rcs_enable(unsigned char const&, unsigned char const&)
 *fill*         0x10007b46        0x2 
 .text._Z13rcs_setLimitsRKhRKsS2_
                0x10007b48       0x6c /home/weyoui/PROJECTS/SmartCart/Pixy/pixy/src/device/libpixy_m4/Release/liblibpixy_m4.a(rcservo.o)
                0x10007b48                rcs_setLimits(unsigned char const&, short const&, short const&)
 .text._Z11rcs_setFreqRKt
                0x10007bb4       0x30 /home/weyoui/PROJECTS/SmartCart/Pixy/pixy/src/device/libpixy_m4/Release/liblibpixy_m4.a(rcservo.o)
                0x10007bb4                rcs_setFreq(unsigned short const&)
 .text._Z14rcs_loadParamsv
                0x10007be4      0x104 /home/weyoui/PROJECTS/SmartCart/Pixy/pixy/src/device/libpixy_m4/Release/liblibpixy_m4.a(rcservo.o)
                0x10007be4                rcs_loadParams()
 .text._Z8rcs_initv
                0x10007ce8       0x98 /home/weyoui/PROJECTS/SmartCart/Pixy/pixy/src/device/libpixy_m4/Release/liblibpixy_m4.a(rcservo.o)
                0x10007ce8                rcs_init()
 .text._ZN5CSccb9PortWriteEhh.isra.0
                0x10007d80       0x38 /home/weyoui/PROJECTS/SmartCart/Pixy/pixy/src/device/libpixy_m4/Release/liblibpixy_m4.a(sccb.o)
 .text._ZN5CSccb5DriveEv.isra.1
                0x10007db8       0x24 /home/weyoui/PROJECTS/SmartCart/Pixy/pixy/src/device/libpixy_m4/Release/liblibpixy_m4.a(sccb.o)
 .text._ZN5CSccb8TriStateEv.isra.2
                0x10007ddc       0x24 /home/weyoui/PROJECTS/SmartCart/Pixy/pixy/src/device/libpixy_m4/Release/liblibpixy_m4.a(sccb.o)
 .text._ZN5CSccb5StartEv.isra.3
                0x10007e00       0x22 /home/weyoui/PROJECTS/SmartCart/Pixy/pixy/src/device/libpixy_m4/Release/liblibpixy_m4.a(sccb.o)
 .text._ZN5CSccb4StopEv.isra.4
                0x10007e22       0x1a /home/weyoui/PROJECTS/SmartCart/Pixy/pixy/src/device/libpixy_m4/Release/liblibpixy_m4.a(sccb.o)
 .text._ZN5CSccbC2Eh
                0x10007e3c       0x24 /home/weyoui/PROJECTS/SmartCart/Pixy/pixy/src/device/libpixy_m4/Release/liblibpixy_m4.a(sccb.o)
                0x10007e3c                CSccb::CSccb(unsigned char)
                0x10007e3c                CSccb::CSccb(unsigned char)
 .text._ZN5CSccb5WriteEh
                0x10007e60       0x68 /home/weyoui/PROJECTS/SmartCart/Pixy/pixy/src/device/libpixy_m4/Release/liblibpixy_m4.a(sccb.o)
                0x10007e60                CSccb::Write(unsigned char)
 .text._ZN5CSccb5WriteEhh
                0x10007ec8       0x2c /home/weyoui/PROJECTS/SmartCart/Pixy/pixy/src/device/libpixy_m4/Release/liblibpixy_m4.a(sccb.o)
                0x10007ec8                CSccb::Write(unsigned char, unsigned char)
 .text._ZN5CSccb4ReadEh
                0x10007ef4       0x88 /home/weyoui/PROJECTS/SmartCart/Pixy/pixy/src/device/libpixy_m4/Release/liblibpixy_m4.a(sccb.o)
                0x10007ef4                CSccb::Read(unsigned char)
 .text._ZN4Link8getFlagsEh
                0x10007f7c        0xa /home/weyoui/PROJECTS/SmartCart/Pixy/pixy/src/device/libpixy_m4/Release/liblibpixy_m4.a(smlink.o)
                0x10007f7c                Link::getFlags(unsigned char)
 .text._ZN4Link9blockSizeEv
                0x10007f86        0x4 /home/weyoui/PROJECTS/SmartCart/Pixy/pixy/src/device/libpixy_m4/Release/liblibpixy_m4.a(smlink.o)
                0x10007f86                Link::blockSize()
 .text._ZN4Link9getBufferEPPhPm
                0x10007f8a        0x6 /home/weyoui/PROJECTS/SmartCart/Pixy/pixy/src/device/libpixy_m4/Release/liblibpixy_m4.a(smlink.o)
                0x10007f8a                Link::getBuffer(unsigned char**, unsigned long*)
 .text._ZN6SMLink4sendEPKhmt
                0x10007f90       0x38 /home/weyoui/PROJECTS/SmartCart/Pixy/pixy/src/device/libpixy_m4/Release/liblibpixy_m4.a(smlink.o)
                0x10007f90                SMLink::send(unsigned char const*, unsigned long, unsigned short)
 .text._ZN6SMLink7receiveEPhmt
                0x10007fc8       0x38 /home/weyoui/PROJECTS/SmartCart/Pixy/pixy/src/device/libpixy_m4/Release/liblibpixy_m4.a(smlink.o)
                0x10007fc8                SMLink::receive(unsigned char*, unsigned long, unsigned short)
 .text._ZN6SMLink8setTimerEv
                0x10008000        0x6 /home/weyoui/PROJECTS/SmartCart/Pixy/pixy/src/device/libpixy_m4/Release/liblibpixy_m4.a(smlink.o)
                0x10008000                SMLink::setTimer()
 .text._ZN6SMLink8getTimerEv
                0x10008006        0x6 /home/weyoui/PROJECTS/SmartCart/Pixy/pixy/src/device/libpixy_m4/Release/liblibpixy_m4.a(smlink.o)
                0x10008006                SMLink::getTimer()
 .text._ZN6SMLink8getFlagsEh
                0x1000800c       0x20 /home/weyoui/PROJECTS/SmartCart/Pixy/pixy/src/device/libpixy_m4/Release/liblibpixy_m4.a(smlink.o)
                0x1000800c                SMLink::getFlags(unsigned char)
 .text._ZN6SMLinkC2Ev
                0x1000802c       0x1c /home/weyoui/PROJECTS/SmartCart/Pixy/pixy/src/device/libpixy_m4/Release/liblibpixy_m4.a(smlink.o)
                0x1000802c                SMLink::SMLink()
                0x1000802c                SMLink::SMLink()
 .text.SystemInit
                0x10008048        0x2 /home/weyoui/PROJECTS/SmartCart/Pixy/pixy/src/device/libpixy_m4/Release/liblibpixy_m4.a(system_LPC43xx.o)
                0x10008048                SystemInit
 *fill*         0x1000804a        0x2 
 .text.USB_ResetCore
                0x1000804c       0x3c /home/weyoui/PROJECTS/SmartCart/Pixy/pixy/src/device/libpixy_m4/Release/liblibpixy_m4.a(usbcore.o)
                0x1000804c                USB_ResetCore
 .text.USB_SetupStage
                0x10008088        0xc /home/weyoui/PROJECTS/SmartCart/Pixy/pixy/src/device/libpixy_m4/Release/liblibpixy_m4.a(usbcore.o)
                0x10008088                USB_SetupStage
 .text.USB_DataInStage
                0x10008094       0x28 /home/weyoui/PROJECTS/SmartCart/Pixy/pixy/src/device/libpixy_m4/Release/liblibpixy_m4.a(usbcore.o)
                0x10008094                USB_DataInStage
 .text.USB_DataOutStage
                0x100080bc       0x20 /home/weyoui/PROJECTS/SmartCart/Pixy/pixy/src/device/libpixy_m4/Release/liblibpixy_m4.a(usbcore.o)
                0x100080bc                USB_DataOutStage
 .text.USB_StatusInStage
                0x100080dc        0xa /home/weyoui/PROJECTS/SmartCart/Pixy/pixy/src/device/libpixy_m4/Release/liblibpixy_m4.a(usbcore.o)
                0x100080dc                USB_StatusInStage
 *fill*         0x100080e6        0x2 
 .text.USB_StatusOutStage
                0x100080e8        0xc /home/weyoui/PROJECTS/SmartCart/Pixy/pixy/src/device/libpixy_m4/Release/liblibpixy_m4.a(usbcore.o)
                0x100080e8                USB_StatusOutStage
 .text.USB_EndPoint0
                0x100080f4      0x6ac /home/weyoui/PROJECTS/SmartCart/Pixy/pixy/src/device/libpixy_m4/Release/liblibpixy_m4.a(usbcore.o)
                0x100080f4                USB_EndPoint0
 .text.EPAdr    0x100087a0       0x10 /home/weyoui/PROJECTS/SmartCart/Pixy/pixy/src/device/libpixy_m4/Release/liblibpixy_m4.a(usbhw.o)
                0x100087a0                EPAdr
 .text.USB_Connect
                0x100087b0       0x1c /home/weyoui/PROJECTS/SmartCart/Pixy/pixy/src/device/libpixy_m4/Release/liblibpixy_m4.a(usbhw.o)
                0x100087b0                USB_Connect
 .text.USB_Reset
                0x100087cc      0x11c /home/weyoui/PROJECTS/SmartCart/Pixy/pixy/src/device/libpixy_m4/Release/liblibpixy_m4.a(usbhw.o)
                0x100087cc                USB_Reset
 .text.USB_WakeUpCfg
                0x100088e8        0x2 /home/weyoui/PROJECTS/SmartCart/Pixy/pixy/src/device/libpixy_m4/Release/liblibpixy_m4.a(usbhw.o)
                0x100088e8                USB_WakeUpCfg
 *fill*         0x100088ea        0x2 
 .text.USB_SetAddress
                0x100088ec       0x1c /home/weyoui/PROJECTS/SmartCart/Pixy/pixy/src/device/libpixy_m4/Release/liblibpixy_m4.a(usbhw.o)
                0x100088ec                USB_SetAddress
 .text.USB_Init
                0x10008908       0x94 /home/weyoui/PROJECTS/SmartCart/Pixy/pixy/src/device/libpixy_m4/Release/liblibpixy_m4.a(usbhw.o)
                0x10008908                USB_Init
 .text.USB_SetTestMode
                0x1000899c       0x24 /home/weyoui/PROJECTS/SmartCart/Pixy/pixy/src/device/libpixy_m4/Release/liblibpixy_m4.a(usbhw.o)
                0x1000899c                USB_SetTestMode
 .text.USB_Configure
                0x100089c0        0x2 /home/weyoui/PROJECTS/SmartCart/Pixy/pixy/src/device/libpixy_m4/Release/liblibpixy_m4.a(usbhw.o)
                0x100089c0                USB_Configure
 *fill*         0x100089c2        0x2 
 .text.USB_ConfigEP
                0x100089c4       0x84 /home/weyoui/PROJECTS/SmartCart/Pixy/pixy/src/device/libpixy_m4/Release/liblibpixy_m4.a(usbhw.o)
                0x100089c4                USB_ConfigEP
 .text.USB_DirCtrlEP
                0x10008a48        0x2 /home/weyoui/PROJECTS/SmartCart/Pixy/pixy/src/device/libpixy_m4/Release/liblibpixy_m4.a(usbhw.o)
                0x10008a48                USB_DirCtrlEP
 *fill*         0x10008a4a        0x2 
 .text.USB_EnableEP
                0x10008a4c       0x44 /home/weyoui/PROJECTS/SmartCart/Pixy/pixy/src/device/libpixy_m4/Release/liblibpixy_m4.a(usbhw.o)
                0x10008a4c                USB_EnableEP
 .text.USB_DisableEP
                0x10008a90       0x48 /home/weyoui/PROJECTS/SmartCart/Pixy/pixy/src/device/libpixy_m4/Release/liblibpixy_m4.a(usbhw.o)
                0x10008a90                USB_DisableEP
 .text.USB_ResetEP
                0x10008ad8       0x4c /home/weyoui/PROJECTS/SmartCart/Pixy/pixy/src/device/libpixy_m4/Release/liblibpixy_m4.a(usbhw.o)
                0x10008ad8                USB_ResetEP
 .text.USB_SetStallEP
                0x10008b24       0x24 /home/weyoui/PROJECTS/SmartCart/Pixy/pixy/src/device/libpixy_m4/Release/liblibpixy_m4.a(usbhw.o)
                0x10008b24                USB_SetStallEP
 .text.USB_ClrStallEP
                0x10008b48       0x2c /home/weyoui/PROJECTS/SmartCart/Pixy/pixy/src/device/libpixy_m4/Release/liblibpixy_m4.a(usbhw.o)
                0x10008b48                USB_ClrStallEP
 .text.USB_ProgDTD
                0x10008b74       0x98 /home/weyoui/PROJECTS/SmartCart/Pixy/pixy/src/device/libpixy_m4/Release/liblibpixy_m4.a(usbhw.o)
                0x10008b74                USB_ProgDTD
 .text.USB_ReadSetupPkt
                0x10008c0c       0x68 /home/weyoui/PROJECTS/SmartCart/Pixy/pixy/src/device/libpixy_m4/Release/liblibpixy_m4.a(usbhw.o)
                0x10008c0c                USB_ReadSetupPkt
 .text.USB_ReadReqEP
                0x10008c74       0x48 /home/weyoui/PROJECTS/SmartCart/Pixy/pixy/src/device/libpixy_m4/Release/liblibpixy_m4.a(usbhw.o)
                0x10008c74                USB_ReadReqEP
 .text.USB_ReadEP
                0x10008cbc       0x2c /home/weyoui/PROJECTS/SmartCart/Pixy/pixy/src/device/libpixy_m4/Release/liblibpixy_m4.a(usbhw.o)
                0x10008cbc                USB_ReadEP
 .text.USB_WriteEP
                0x10008ce8       0x40 /home/weyoui/PROJECTS/SmartCart/Pixy/pixy/src/device/libpixy_m4/Release/liblibpixy_m4.a(usbhw.o)
                0x10008ce8                USB_WriteEP
 .text.USB0_IRQHandler
                0x10008d28      0x164 /home/weyoui/PROJECTS/SmartCart/Pixy/pixy/src/device/libpixy_m4/Release/liblibpixy_m4.a(usbhw.o)
                0x10008d28                USB0_IRQHandler
 .text._ZN7USBLink4sendEPKhmt
                0x10008e8c       0x58 /home/weyoui/PROJECTS/SmartCart/Pixy/pixy/src/device/libpixy_m4/Release/liblibpixy_m4.a(usblink.o)
                0x10008e8c                USBLink::send(unsigned char const*, unsigned long, unsigned short)
 .text._ZN7USBLink8setTimerEv
                0x10008ee4        0x6 /home/weyoui/PROJECTS/SmartCart/Pixy/pixy/src/device/libpixy_m4/Release/liblibpixy_m4.a(usblink.o)
                0x10008ee4                USBLink::setTimer()
 .text._ZN7USBLink8getTimerEv
                0x10008eea        0x6 /home/weyoui/PROJECTS/SmartCart/Pixy/pixy/src/device/libpixy_m4/Release/liblibpixy_m4.a(usblink.o)
                0x10008eea                USBLink::getTimer()
 .text._ZN7USBLink7receiveEPhmt
                0x10008ef0       0xb0 /home/weyoui/PROJECTS/SmartCart/Pixy/pixy/src/device/libpixy_m4/Release/liblibpixy_m4.a(usblink.o)
                0x10008ef0                USBLink::receive(unsigned char*, unsigned long, unsigned short)
 .text._ZN7USBLinkC2Ev
                0x10008fa0       0x14 /home/weyoui/PROJECTS/SmartCart/Pixy/pixy/src/device/libpixy_m4/Release/liblibpixy_m4.a(usblink.o)
                0x10008fa0                USBLink::USBLink()
                0x10008fa0                USBLink::USBLink()
 .text.USB_Reset_Event
                0x10008fb4        0x4 /home/weyoui/PROJECTS/SmartCart/Pixy/pixy/src/device/libpixy_m4/Release/liblibpixy_m4.a(usbuser.o)
                0x10008fb4                USB_Reset_Event
 .text.USB_EndPoint1
                0x10008fb8        0x2 /home/weyoui/PROJECTS/SmartCart/Pixy/pixy/src/device/libpixy_m4/Release/liblibpixy_m4.a(usbuser.o)
                0x10008fb8                USB_EndPoint1
 .text.USB_Configure_Event
                0x10008fba        0x2 /home/weyoui/PROJECTS/SmartCart/Pixy/pixy/src/device/libpixy_m4/Release/liblibpixy_m4.a(usbuser.o)
                0x10008fba                USB_Configure_Event
 .text.USB_UserInit
                0x10008fbc       0x44 /home/weyoui/PROJECTS/SmartCart/Pixy/pixy/src/device/libpixy_m4/Release/liblibpixy_m4.a(usbuser.o)
                0x10008fbc                USB_UserInit
 .text.USB_handleState
                0x10009000       0x38 /home/weyoui/PROJECTS/SmartCart/Pixy/pixy/src/device/libpixy_m4/Release/liblibpixy_m4.a(usbuser.o)
                0x10009000                USB_handleState
 .text.sendChunk
                0x10009038       0x58 /home/weyoui/PROJECTS/SmartCart/Pixy/pixy/src/device/libpixy_m4/Release/liblibpixy_m4.a(usbuser.o)
                0x10009038                sendChunk
 .text.recvChunk
                0x10009090       0x58 /home/weyoui/PROJECTS/SmartCart/Pixy/pixy/src/device/libpixy_m4/Release/liblibpixy_m4.a(usbuser.o)
                0x10009090                recvChunk
 .text.USB_EndPoint2
                0x100090e8       0x12 /home/weyoui/PROJECTS/SmartCart/Pixy/pixy/src/device/libpixy_m4/Release/liblibpixy_m4.a(usbuser.o)
                0x100090e8                USB_EndPoint2
 *fill*         0x100090fa        0x2 
 .text.USB_Send
                0x100090fc       0x2c /home/weyoui/PROJECTS/SmartCart/Pixy/pixy/src/device/libpixy_m4/Release/liblibpixy_m4.a(usbuser.o)
                0x100090fc                USB_Send
 .text.USB_Recv
                0x10009128       0x2c /home/weyoui/PROJECTS/SmartCart/Pixy/pixy/src/device/libpixy_m4/Release/liblibpixy_m4.a(usbuser.o)
                0x10009128                USB_Recv
 .text.USB_RecvReset
                0x10009154        0x6 /home/weyoui/PROJECTS/SmartCart/Pixy/pixy/src/device/libpixy_m4/Release/liblibpixy_m4.a(usbuser.o)
                0x10009154                USB_RecvReset
 .text.USB_SendReset
                0x1000915a        0x6 /home/weyoui/PROJECTS/SmartCart/Pixy/pixy/src/device/libpixy_m4/Release/liblibpixy_m4.a(usbuser.o)
                0x1000915a                USB_SendReset
 .text._ZN5CBlob5ResetEv
                0x10009160       0x40 /home/weyoui/PROJECTS/SmartCart/Pixy/pixy/src/device/libpixy_m4/Release/liblibpixy_m4.a(blob.o)
                0x10009160                CBlob::Reset()
 .text._ZN5CBlobC2Ev
                0x100091a0       0x16 /home/weyoui/PROJECTS/SmartCart/Pixy/pixy/src/device/libpixy_m4/Release/liblibpixy_m4.a(blob.o)
                0x100091a0                CBlob::CBlob()
                0x100091a0                CBlob::CBlob()
 .text._ZN5CBlob6NewRowEv